******************************************************************************
               TMS320C6x Linker PC v7.4.2                      
******************************************************************************
>> Linked Tue Nov 13 11:59:08 2018

OUTPUT FILE NAME:   <HMM.out>
ENTRY POINT SYMBOL: "_c_int00"  address: 0000d800


MEMORY CONFIGURATION

         name            origin    length      used     unused   attr    fill
----------------------  --------  ---------  --------  --------  ----  --------
  IRAM                  00000000   00030000  0000f77e  00020882  RWIX
  L2RAM                 00030000   00010000  00000000  00010000  RWIX
  EMIFCE0               80000000   10000000  00000000  10000000  RWIX
  EMIFCE1               90000000   10000000  00000000  10000000  RWIX
  EMIFCE2               a0000000   10000000  00000000  10000000  RWIX
  EMIFCE3               b0000000   10000000  00000000  10000000  RWIX


SECTION ALLOCATION MAP

 output                                  attributes/
section   page    origin      length       input sections
--------  ----  ----------  ----------   ----------------
.text      0    00000000    0000dd20     
                  00000000    00000c00     rts6700.lib : _scanfi.obj (.text:__scanfi)
                  00000c00    000007c0                 : _scanfi.obj (.text:__sset_arg)
                  000013c0    00000720                 : divd.obj (.text:__divd)
                  00001ae0    000006c0                 : _printfi.obj (.text:__getarg_diouxp)
                  000021a0    00000600                 : strtoll.obj (.text:_strtoll)
                  000027a0    000005e0                 : strtod.obj (.text:_strtod)
                  00002d80    000005e0                 : strtold.obj (.text:_strtold)
                  00003360    000005a0                 : _printfi.obj (.text:__setfield)
                  00003900    000005a0                 : _scanfi.obj (.text:__sproc_int)
                  00003ea0    00000580                 : strtol.obj (.text:_strtol)
                  00004420    00000560                 : _printfi.obj (.text:__printfi)
                  00004980    00000520                 : strtoul.obj (.text:_strtoul)
                  00004ea0    000004c0                 : fputs.obj (.text:_fputs)
                  00005360    000004a0                 : strtoull.obj (.text:_strtoull)
                  00005800    00000480     dsk6713bsl.lib : dsk6713.obj (.text)
                  00005c80    00000420     rts6700.lib : _printfi.obj (.text:_fcvt)
                  000060a0    00000400                 : _printfi.obj (.text:__pproc_fge)
                  000064a0    00000400                 : _printfi.obj (.text:_ecvt)
                  000068a0    000003a0                 : _scanfi.obj (.text:__sget_conv)
                  00006c40    00000380                 : imath64.obj (.text:__divull)
                  00006fc0    00000380                 : _scanfi.obj (.text:__sproc_float)
                  00007340    00000380                 : memory.obj (.text:_free)
                  000076c0    00000360                 : _printfi.obj (.text:__pconv_e)
                  00007a20    00000360                 : _printfi.obj (.text:__pproc_fwp)
                  00007d80    00000320     main.obj (.text)
                  000080a0    00000300     rts6700.lib : _printfi.obj (.text:__pproc_diouxp)
                  000083a0    000002c0                 : _printfi.obj (.text:__pconv_g)
                  00008660    000002c0                 : _printfi.obj (.text:__pproc_str)
                  00008920    000002a0                 : fputc.obj (.text:_fputc)
                  00008bc0    000002a0                 : setvbuf.obj (.text:_setvbuf)
                  00008e60    00000260                 : imath40.obj (.text:__divul)
                  000090c0    00000240                 : _printfi.obj (.text:__mcpy)
                  00009300    00000240                 : memory.obj (.text:_malloc)
                  00009540    00000240                 : memcpy62.obj (.text:_memcpy)
                  00009780    00000220                 : trgdrv.obj (.text:_HOSTrename)
                  000099a0    00000220                 : _scanfi.obj (.text:__sproc_str)
                  00009bc0    00000200                 : fscanf.obj (.text:__chkmbc)
                  00009dc0    000001e0                 : _scanfi.obj (.text:__sproc_lb)
                  00009fa0    000001e0                 : lowlev.obj (.text:_getdevice)
                  0000a180    000001e0     dsk6713bsl.lib : dsk6713_led.obj (.text)
                  0000a360    000001c0     rts6700.lib : fseek.obj (.text:_fseek)
                  0000a520    000001a0                 : _printfi.obj (.text:__ltostr)
                  0000a6c0    000001a0                 : _printfi.obj (.text:__pproc_fflags)
                  0000a860    00000180                 : fgetc.obj (.text:_fgetc)
                  0000a9e0    00000160                 : trgdrv.obj (.text:_HOSTlseek)
                  0000ab40    00000160                 : _bufread.obj (.text:__buff_read)
                  0000aca0    00000160                 : fclose.obj (.text:__closefile)
                  0000ae00    00000160                 : _scanfi.obj (.text:__sget_scanset)
                  0000af60    00000160                 : ungetc.obj (.text:_ungetc)
                  0000b0c0    00000140                 : trgdrv.obj (.text:_HOSTread)
                  0000b200    00000140                 : frcmpyd_div.obj (.text:__frcmpyd_div)
                  0000b340    00000140                 : atoi.obj (.text:_atoi)
                  0000b480    00000120                 : trgdrv.obj (.text:_HOSTopen)
                  0000b5a0    00000120                 : trgdrv.obj (.text:_HOSTwrite)
                  0000b6c0    00000120                 : divi.obj (.text:__divi)
                  0000b7e0    00000120                 : _io_perm.obj (.text:__wrt_ok)
                  0000b900    00000120                 : lowlev.obj (.text:_close)
                  0000ba20    00000120                 : ltoa.obj (.text:_ltoa)
                  0000bb40    00000120                 : memset.obj (.text:_memset)
                  0000bc60    00000100                 : trgdrv.obj (.text:_HOSTclose)
                  0000bd60    00000100                 : trgdrv.obj (.text:_HOSTunlink)
                  0000be60    00000100                 : autoinit.obj (.text:__auto_init)
                  0000bf60    00000100                 : _printfi.obj (.text:__div)
                  0000c060    00000100                 : imath40.obj (.text:__divli)
                  0000c160    00000100                 : _printfi.obj (.text:__pconv_f)
                  0000c260    00000100                 : lowlev.obj (.text:_lseek)
                  0000c360    00000100                 : printf.obj (.text:_printf)
                  0000c460    00000100                 : lowlev.obj (.text:_read)
                  0000c560    00000100                 : fscanf.obj (.text:_scanf)
                  0000c660    00000100                 : lowlev.obj (.text:_write)
                  0000c760    000000e0                 : fopen.obj (.text:__cleanup)
                  0000c840    000000e0                 : fflush.obj (.text:__doflush)
                  0000c920    000000e0                 : _printfi.obj (.text:__ecpy)
                  0000ca00    000000e0                 : _printfi.obj (.text:__fcpy)
                  0000cae0    000000e0                 : _io_perm.obj (.text:__rd_ok)
                  0000cbc0    000000e0                 : strasg.obj (.text:__strasg)
                  0000cca0    000000e0                 : exit.obj (.text:_exit)
                  0000cd80    000000e0                 : memory.obj (.text:_minsert)
                  0000ce60    000000e0                 : memory.obj (.text:_mremove)
                  0000cf40    000000c0                 : divu.obj (.text:__divu)
                  0000d000    000000c0                 : cpy_tbl.obj (.text:_copy_in)
                  0000d0c0    000000c0                 : lowlev.obj (.text:_finddevice)
                  0000d180    000000a0                 : fixdli.obj (.text:__fixdli)
                  0000d220    000000a0                 : mpyll.obj (.text:__mpyll)
                  0000d2c0    000000a0                 : imath40.obj (.text:__remli)
                  0000d360    000000a0                 : imath40.obj (.text:__remul)
                  0000d400    000000a0                 : imath64.obj (.text:__remull)
                  0000d4a0    000000a0                 : trgmsg.obj (.text:_readmsg)
                  0000d540    000000a0                 : lowlev.obj (.text:_unlink)
                  0000d5e0    000000a0                 : trgmsg.obj (.text:_writemsg)
                  0000d680    00000080                 : cpp_init.obj (.text:___TI_cpp_init)
                  0000d700    00000080                 : fltlid.obj (.text:__fltlid)
                  0000d780    00000080                 : llshift.obj (.text:__llshl)
                  0000d800    00000080                 : boot.obj (.text:_c_int00)
                  0000d880    00000080                 : memccpy.obj (.text:_memccpy)
                  0000d900    00000080     dsk6713bsl.lib : dsk6713_dip.obj (.text)
                  0000d980    00000060     rts6700.lib : isinf.obj (.text:___isinf)
                  0000d9e0    00000060                 : llshift.obj (.text:__llshru)
                  0000da40    00000060                 : imath64.obj (.text:__subcull)
                  0000daa0    00000060                 : div.obj (.text:_div)
                  0000db00    00000060     add.obj (.text)
                  0000db60    00000040     rts6700.lib : _printfi.obj (.text:___isnan)
                  0000dba0    00000040                 : args_main.obj (.text:__args_main)
                  0000dbe0    00000020                 : fscanf.obj (.text:__inpchar)
                  0000dc00    00000020                 : negll.obj (.text:__negll)
                  0000dc20    00000020                 : _lock.obj (.text:__nop)
                  0000dc40    00000020                 : printf.obj (.text:__outc)
                  0000dc60    00000020                 : printf.obj (.text:__outs)
                  0000dc80    00000020                 : fscanf.obj (.text:__uninpchar)
                  0000dca0    00000020                 : exit.obj (.text:_abort)
                  0000dcc0    00000020                 : remove.obj (.text:_remove)
                  0000dce0    00000020     mul.obj (.text)
                  0000dd00    00000020     sub.obj (.text)

.bss       0    00000000    00000000     UNINITIALIZED

.data      0    00000000    00000000     UNINITIALIZED

.pinit     0    00000000    00000000     UNINITIALIZED

.stack     0    0000dd20    00000800     UNINITIALIZED
                  0000dd20    00000008     rts6700.lib : boot.obj (.stack)
                  0000dd28    000007f8     --HOLE--

.sysmem    0    0000e520    00000800     UNINITIALIZED
                  0000e520    00000008     rts6700.lib : memory.obj (.sysmem)
                  0000e528    000007f8     --HOLE--

.far       0    0000ed20    00000470     UNINITIALIZED
                  0000ed20    00000324     rts6700.lib : defs.obj (.far)
                  0000f044    0000011c                 : lowlev.obj (.far)
                  0000f160    0000000c                 : exit.obj (.far)
                  0000f16c    00000008                 : _lock.obj (.far)
                  0000f174    00000008                 : memory.obj (.far)
                  0000f17c    00000008                 : trgdrv.obj (.far)
                  0000f184    00000004                 : errno.obj (.far)
                  0000f188    00000004                 : fopen.obj (.far)
                  0000f18c    00000002     dsk6713bsl.lib : dsk6713.obj (.far)
                  0000f18e    00000002                    : dsk6713_led.obj (.far)

.const     0    0000f190    00000342     
                  0000f190    00000101     rts6700.lib : ctype.obj (.const:.string:__ctypes_)
                  0000f291    00000002                 : fputs.obj (.const:.string)
                  0000f293    00000001     --HOLE-- [fill = 0]
                  0000f294    000000b8     main.obj (.const:.string)
                  0000f34c    00000004     --HOLE-- [fill = 0]
                  0000f350    00000050     rts6700.lib : strtod.obj (.const:_digits)
                  0000f3a0    00000050                 : strtold.obj (.const:_digits)
                  0000f3f0    00000048                 : strtod.obj (.const:_powerof10)
                  0000f438    00000048                 : strtold.obj (.const:_powerof10)
                  0000f480    00000023                 : _printfi.obj (.const:.string)
                  0000f4a3    00000001     --HOLE-- [fill = 0]
                  0000f4a4    00000020     dsk6713bsl.lib : dsk6713.obj (.const)
                  0000f4c4    00000007     rts6700.lib : _scanfi.obj (.const:.string:_flit$1)
                  0000f4cb    00000001     --HOLE-- [fill = 0]
                  0000f4cc    00000006                 : _scanfi.obj (.const:.string:_barr$2)

.cinit     0    0000f4d8    00000164     
                  0000f4d8    0000005c     rts6700.lib : defs.obj (.cinit)
                  0000f534    00000004     --HOLE-- [fill = 0]
                  0000f538    0000005c                 : lowlev.obj (.cinit)
                  0000f594    00000004     --HOLE-- [fill = 0]
                  0000f598    0000002c                 : exit.obj (.cinit)
                  0000f5c4    00000004     --HOLE-- [fill = 0]
                  0000f5c8    0000002c                 : memory.obj (.cinit)
                  0000f5f4    00000004     --HOLE-- [fill = 0]
                  0000f5f8    0000001c                 : _lock.obj (.cinit)
                  0000f614    00000004     --HOLE-- [fill = 0]
                  0000f618    0000000c                 : errno.obj (.cinit)
                  0000f624    00000004     --HOLE-- [fill = 0]
                  0000f628    0000000c                 : fopen.obj (.cinit)
                  0000f634    00000004     --HOLE-- [fill = 0]
                  0000f638    00000004     (.pad.cinit) [fill = 0]

.cio       0    0000f63c    00000120     UNINITIALIZED
                  0000f63c    00000120     rts6700.lib : trgmsg.obj (.cio)

.switch    0    0000f75c    00000028     
                  0000f75c    00000028     rts6700.lib : _scanfi.obj (.switch:__sset_arg)


GLOBAL SYMBOLS: SORTED ALPHABETICALLY BY Name 

address    name
--------   ----
00000000   $bss
00000000   .bss
00000000   .data
00000000   .text
0000dca0   C$$EXIT
0000d658   C$$IO$$
0000d908   _DSK6713_DIP_get
0000d900   _DSK6713_DIP_init
0000a180   _DSK6713_LED_init
0000a1c0   _DSK6713_LED_off
0000a230   _DSK6713_LED_on
0000a2a0   _DSK6713_LED_toggle
00005c14   _DSK6713_getVersion
0000584c   _DSK6713_init
00005b68   _DSK6713_rget
00005b7c   _DSK6713_rset
0000f18c   _DSK6713_version
00005b90   _DSK6713_wait
00005be8   _DSK6713_waitusec
0000bc60   _HOSTclose
0000a9e0   _HOSTlseek
0000b480   _HOSTopen
0000b0c0   _HOSTread
00009780   _HOSTrename
0000bd60   _HOSTunlink
0000b5a0   _HOSTwrite
0000f63c   __CIOBUF_
0000e520   __STACK_END
00000800   __STACK_SIZE
00000800   __SYSMEM_SIZE
00000001   __TI_args_main
0000d680   ___TI_cpp_init
0000f168   ___TI_enable_exit_profile_output
ffffffff   ___TI_pprof_out_hndl
ffffffff   ___TI_prof_data_size
ffffffff   ___TI_prof_data_start
ffffffff   ___binit__
00000000   ___bss__
ffffffff   ___c_args__
0000f4d8   ___cinit__
00000000   ___data__
00000000   ___edata__
00000000   ___end__
0000dd20   ___etext__
0000d980   ___isinf
ffffffff   ___pinit__
00000000   ___text__
0000dba0   __args_main
0000be60   __auto_init
0000ab40   __buff_read
0000b6c0   __c6xabi_divi
0000cf40   __c6xabi_divu
0000c760   __cleanup
0000f160   __cleanup_ptr
0000aca0   __closefile
0000f190   __ctypes_
000013c0   __divd
0000b6c0   __divi
0000c060   __divli
0000cf40   __divu
00008e60   __divul
00006c40   __divull
0000c840   __doflush
0000f164   __dtors_ptr
0000d180   __fixdli
0000d700   __fltlid
0000b200   __frcmpyd_div
0000f040   __ft_end
0000ed20   __ftable
0000d780   __llshl
0000d9e0   __llshru
0000f16c   __lock
0000d220   __mpyll
0000dc00   __negll
0000dc20   __nop
00004420   __printfi
0000cae0   __rd_ok
0000d2c0   __remli
0000d360   __remul
0000d400   __remull
00000000   __scanfi
0000dd20   __stack
0000cbc0   __strasg
0000da40   __subcull
0000e520   __sys_memory
0000ef00   __tmpnams
0000f170   __unlock
0000b7e0   __wrt_ok
0000dca0   _abort
0000db00   _add
0000b340   _atoi
0000d800   _c_int00
0000b900   _close
0000d000   _copy_in
0000daa0   _div
0000f184   _errno
0000cca0   _exit
0000a860   _fgetc
00008920   _fputc
00004ea0   _fputs
00007340   _free
0000a360   _fseek
0000a860   _getc
0000c260   _lseek
0000ba20   _ltoa
00007d80   _main
00009300   _malloc
0000d880   _memccpy
00009540   _memcpy
0000bb40   _memset
0000dce0   _mul
0000c360   _printf
00008920   _putc
0000c460   _read
0000d4a0   _readmsg
0000dcc0   _remove
0000c560   _scanf
00008bc0   _setvbuf
000027a0   _strtod
00003ea0   _strtol
00002d80   _strtold
000021a0   _strtoll
00004980   _strtoul
00005360   _strtoull
0000dd00   _sub
0000af60   _ungetc
0000d540   _unlink
0000c660   _write
0000d5e0   _writemsg
ffffffff   binit
0000f4d8   cinit
00000000   edata
00000000   end
0000dd20   etext
ffffffff   pinit


GLOBAL SYMBOLS: SORTED BY Symbol Address 

address    name
--------   ----
00000000   $bss
00000000   .bss
00000000   .data
00000000   .text
00000000   ___bss__
00000000   ___data__
00000000   ___edata__
00000000   ___end__
00000000   ___text__
00000000   __scanfi
00000000   edata
00000000   end
00000001   __TI_args_main
00000800   __STACK_SIZE
00000800   __SYSMEM_SIZE
000013c0   __divd
000021a0   _strtoll
000027a0   _strtod
00002d80   _strtold
00003ea0   _strtol
00004420   __printfi
00004980   _strtoul
00004ea0   _fputs
00005360   _strtoull
0000584c   _DSK6713_init
00005b68   _DSK6713_rget
00005b7c   _DSK6713_rset
00005b90   _DSK6713_wait
00005be8   _DSK6713_waitusec
00005c14   _DSK6713_getVersion
00006c40   __divull
00007340   _free
00007d80   _main
00008920   _fputc
00008920   _putc
00008bc0   _setvbuf
00008e60   __divul
00009300   _malloc
00009540   _memcpy
00009780   _HOSTrename
0000a180   _DSK6713_LED_init
0000a1c0   _DSK6713_LED_off
0000a230   _DSK6713_LED_on
0000a2a0   _DSK6713_LED_toggle
0000a360   _fseek
0000a860   _fgetc
0000a860   _getc
0000a9e0   _HOSTlseek
0000ab40   __buff_read
0000aca0   __closefile
0000af60   _ungetc
0000b0c0   _HOSTread
0000b200   __frcmpyd_div
0000b340   _atoi
0000b480   _HOSTopen
0000b5a0   _HOSTwrite
0000b6c0   __c6xabi_divi
0000b6c0   __divi
0000b7e0   __wrt_ok
0000b900   _close
0000ba20   _ltoa
0000bb40   _memset
0000bc60   _HOSTclose
0000bd60   _HOSTunlink
0000be60   __auto_init
0000c060   __divli
0000c260   _lseek
0000c360   _printf
0000c460   _read
0000c560   _scanf
0000c660   _write
0000c760   __cleanup
0000c840   __doflush
0000cae0   __rd_ok
0000cbc0   __strasg
0000cca0   _exit
0000cf40   __c6xabi_divu
0000cf40   __divu
0000d000   _copy_in
0000d180   __fixdli
0000d220   __mpyll
0000d2c0   __remli
0000d360   __remul
0000d400   __remull
0000d4a0   _readmsg
0000d540   _unlink
0000d5e0   _writemsg
0000d658   C$$IO$$
0000d680   ___TI_cpp_init
0000d700   __fltlid
0000d780   __llshl
0000d800   _c_int00
0000d880   _memccpy
0000d900   _DSK6713_DIP_init
0000d908   _DSK6713_DIP_get
0000d980   ___isinf
0000d9e0   __llshru
0000da40   __subcull
0000daa0   _div
0000db00   _add
0000dba0   __args_main
0000dc00   __negll
0000dc20   __nop
0000dca0   C$$EXIT
0000dca0   _abort
0000dcc0   _remove
0000dce0   _mul
0000dd00   _sub
0000dd20   ___etext__
0000dd20   __stack
0000dd20   etext
0000e520   __STACK_END
0000e520   __sys_memory
0000ed20   __ftable
0000ef00   __tmpnams
0000f040   __ft_end
0000f160   __cleanup_ptr
0000f164   __dtors_ptr
0000f168   ___TI_enable_exit_profile_output
0000f16c   __lock
0000f170   __unlock
0000f184   _errno
0000f18c   _DSK6713_version
0000f190   __ctypes_
0000f4d8   ___cinit__
0000f4d8   cinit
0000f63c   __CIOBUF_
ffffffff   ___TI_pprof_out_hndl
ffffffff   ___TI_prof_data_size
ffffffff   ___TI_prof_data_start
ffffffff   ___binit__
ffffffff   ___c_args__
ffffffff   ___pinit__
ffffffff   binit
ffffffff   pinit

[135 symbols]
