<?xml version="1.0"?>
<link_info>
   <banner>TMS320C6x Linker PC v7.4.2</banner>
   <copyright>Copyright (c) 1996-2012 Texas Instruments Incorporated</copyright>
   <link_time>0x5bea6f34</link_time>
   <output_file>HMM.out</output_file>
   <entry_point>
      <name>_c_int00</name>
      <address>0xd800</address>
   </entry_point>
   <input_file_list>
      <input_file id="fl-2">
         <path>.\</path>
         <kind>object</kind>
         <file>sub.obj</file>
         <name>sub.obj</name>
      </input_file>
      <input_file id="fl-3">
         <path>.\</path>
         <kind>object</kind>
         <file>mul.obj</file>
         <name>mul.obj</name>
      </input_file>
      <input_file id="fl-4">
         <path>.\</path>
         <kind>object</kind>
         <file>main.obj</file>
         <name>main.obj</name>
      </input_file>
      <input_file id="fl-5">
         <path>.\</path>
         <kind>object</kind>
         <file>div.obj</file>
         <name>div.obj</name>
      </input_file>
      <input_file id="fl-6">
         <path>.\</path>
         <kind>object</kind>
         <file>add.obj</file>
         <name>add.obj</name>
      </input_file>
      <input_file id="fl-83">
         <path>C:\ti\ccsv5\tools\compiler\c6000_7.4.2\lib\</path>
         <kind>archive</kind>
         <file>rts6700.lib</file>
         <name>boot.obj</name>
      </input_file>
      <input_file id="fl-84">
         <path>C:\ti\ccsv5\tools\compiler\c6000_7.4.2\lib\</path>
         <kind>archive</kind>
         <file>rts6700.lib</file>
         <name>div.obj</name>
      </input_file>
      <input_file id="fl-85">
         <path>C:\ti\ccsv5\tools\compiler\c6000_7.4.2\lib\</path>
         <kind>archive</kind>
         <file>rts6700.lib</file>
         <name>divi.obj</name>
      </input_file>
      <input_file id="fl-86">
         <path>C:\ti\ccsv5\tools\compiler\c6000_7.4.2\lib\</path>
         <kind>archive</kind>
         <file>rts6700.lib</file>
         <name>exit.obj</name>
      </input_file>
      <input_file id="fl-87">
         <path>C:\ti\ccsv5\tools\compiler\c6000_7.4.2\lib\</path>
         <kind>archive</kind>
         <file>rts6700.lib</file>
         <name>fscanf.obj</name>
      </input_file>
      <input_file id="fl-88">
         <path>C:\ti\ccsv5\tools\compiler\c6000_7.4.2\lib\</path>
         <kind>archive</kind>
         <file>rts6700.lib</file>
         <name>printf.obj</name>
      </input_file>
      <input_file id="fl-89">
         <path>C:\ti\ccsv5\tools\compiler\c6000_7.4.2\lib\</path>
         <kind>archive</kind>
         <file>rts6700.lib</file>
         <name>ungetc.obj</name>
      </input_file>
      <input_file id="fl-8a">
         <path>C:\ti\ccsv5\tools\compiler\c6000_7.4.2\lib\</path>
         <kind>archive</kind>
         <file>rts6700.lib</file>
         <name>_lock.obj</name>
      </input_file>
      <input_file id="fl-8b">
         <path>C:\ti\ccsv5\tools\compiler\c6000_7.4.2\lib\</path>
         <kind>archive</kind>
         <file>rts6700.lib</file>
         <name>_printfi.obj</name>
      </input_file>
      <input_file id="fl-8c">
         <path>C:\ti\ccsv5\tools\compiler\c6000_7.4.2\lib\</path>
         <kind>archive</kind>
         <file>rts6700.lib</file>
         <name>_scanfi.obj</name>
      </input_file>
      <input_file id="fl-8d">
         <path>C:\ti\ccsv5\tools\compiler\c6000_7.4.2\lib\</path>
         <kind>archive</kind>
         <file>rts6700.lib</file>
         <name>args_main.obj</name>
      </input_file>
      <input_file id="fl-8e">
         <path>C:\ti\ccsv5\tools\compiler\c6000_7.4.2\lib\</path>
         <kind>archive</kind>
         <file>rts6700.lib</file>
         <name>atoi.obj</name>
      </input_file>
      <input_file id="fl-8f">
         <path>C:\ti\ccsv5\tools\compiler\c6000_7.4.2\lib\</path>
         <kind>archive</kind>
         <file>rts6700.lib</file>
         <name>autoinit.obj</name>
      </input_file>
      <input_file id="fl-90">
         <path>C:\ti\ccsv5\tools\compiler\c6000_7.4.2\lib\</path>
         <kind>archive</kind>
         <file>rts6700.lib</file>
         <name>cpp_init.obj</name>
      </input_file>
      <input_file id="fl-91">
         <path>C:\ti\ccsv5\tools\compiler\c6000_7.4.2\lib\</path>
         <kind>archive</kind>
         <file>rts6700.lib</file>
         <name>cpy_tbl.obj</name>
      </input_file>
      <input_file id="fl-92">
         <path>C:\ti\ccsv5\tools\compiler\c6000_7.4.2\lib\</path>
         <kind>archive</kind>
         <file>rts6700.lib</file>
         <name>ctype.obj</name>
      </input_file>
      <input_file id="fl-93">
         <path>C:\ti\ccsv5\tools\compiler\c6000_7.4.2\lib\</path>
         <kind>archive</kind>
         <file>rts6700.lib</file>
         <name>defs.obj</name>
      </input_file>
      <input_file id="fl-94">
         <path>C:\ti\ccsv5\tools\compiler\c6000_7.4.2\lib\</path>
         <kind>archive</kind>
         <file>rts6700.lib</file>
         <name>divd.obj</name>
      </input_file>
      <input_file id="fl-95">
         <path>C:\ti\ccsv5\tools\compiler\c6000_7.4.2\lib\</path>
         <kind>archive</kind>
         <file>rts6700.lib</file>
         <name>divu.obj</name>
      </input_file>
      <input_file id="fl-96">
         <path>C:\ti\ccsv5\tools\compiler\c6000_7.4.2\lib\</path>
         <kind>archive</kind>
         <file>rts6700.lib</file>
         <name>fgetc.obj</name>
      </input_file>
      <input_file id="fl-97">
         <path>C:\ti\ccsv5\tools\compiler\c6000_7.4.2\lib\</path>
         <kind>archive</kind>
         <file>rts6700.lib</file>
         <name>fixdli.obj</name>
      </input_file>
      <input_file id="fl-98">
         <path>C:\ti\ccsv5\tools\compiler\c6000_7.4.2\lib\</path>
         <kind>archive</kind>
         <file>rts6700.lib</file>
         <name>fltlid.obj</name>
      </input_file>
      <input_file id="fl-99">
         <path>C:\ti\ccsv5\tools\compiler\c6000_7.4.2\lib\</path>
         <kind>archive</kind>
         <file>rts6700.lib</file>
         <name>fputc.obj</name>
      </input_file>
      <input_file id="fl-9a">
         <path>C:\ti\ccsv5\tools\compiler\c6000_7.4.2\lib\</path>
         <kind>archive</kind>
         <file>rts6700.lib</file>
         <name>fputs.obj</name>
      </input_file>
      <input_file id="fl-9b">
         <path>C:\ti\ccsv5\tools\compiler\c6000_7.4.2\lib\</path>
         <kind>archive</kind>
         <file>rts6700.lib</file>
         <name>frcmpyd_div.obj</name>
      </input_file>
      <input_file id="fl-9c">
         <path>C:\ti\ccsv5\tools\compiler\c6000_7.4.2\lib\</path>
         <kind>archive</kind>
         <file>rts6700.lib</file>
         <name>imath40.obj</name>
      </input_file>
      <input_file id="fl-9d">
         <path>C:\ti\ccsv5\tools\compiler\c6000_7.4.2\lib\</path>
         <kind>archive</kind>
         <file>rts6700.lib</file>
         <name>imath64.obj</name>
      </input_file>
      <input_file id="fl-9e">
         <path>C:\ti\ccsv5\tools\compiler\c6000_7.4.2\lib\</path>
         <kind>archive</kind>
         <file>rts6700.lib</file>
         <name>isinf.obj</name>
      </input_file>
      <input_file id="fl-9f">
         <path>C:\ti\ccsv5\tools\compiler\c6000_7.4.2\lib\</path>
         <kind>archive</kind>
         <file>rts6700.lib</file>
         <name>llshift.obj</name>
      </input_file>
      <input_file id="fl-a0">
         <path>C:\ti\ccsv5\tools\compiler\c6000_7.4.2\lib\</path>
         <kind>archive</kind>
         <file>rts6700.lib</file>
         <name>lowlev.obj</name>
      </input_file>
      <input_file id="fl-a1">
         <path>C:\ti\ccsv5\tools\compiler\c6000_7.4.2\lib\</path>
         <kind>archive</kind>
         <file>rts6700.lib</file>
         <name>ltoa.obj</name>
      </input_file>
      <input_file id="fl-a2">
         <path>C:\ti\ccsv5\tools\compiler\c6000_7.4.2\lib\</path>
         <kind>archive</kind>
         <file>rts6700.lib</file>
         <name>memccpy.obj</name>
      </input_file>
      <input_file id="fl-a3">
         <path>C:\ti\ccsv5\tools\compiler\c6000_7.4.2\lib\</path>
         <kind>archive</kind>
         <file>rts6700.lib</file>
         <name>memcpy62.obj</name>
      </input_file>
      <input_file id="fl-a4">
         <path>C:\ti\ccsv5\tools\compiler\c6000_7.4.2\lib\</path>
         <kind>archive</kind>
         <file>rts6700.lib</file>
         <name>memset.obj</name>
      </input_file>
      <input_file id="fl-a5">
         <path>C:\ti\ccsv5\tools\compiler\c6000_7.4.2\lib\</path>
         <kind>archive</kind>
         <file>rts6700.lib</file>
         <name>mpyll.obj</name>
      </input_file>
      <input_file id="fl-a6">
         <path>C:\ti\ccsv5\tools\compiler\c6000_7.4.2\lib\</path>
         <kind>archive</kind>
         <file>rts6700.lib</file>
         <name>negll.obj</name>
      </input_file>
      <input_file id="fl-a7">
         <path>C:\ti\ccsv5\tools\compiler\c6000_7.4.2\lib\</path>
         <kind>archive</kind>
         <file>rts6700.lib</file>
         <name>setvbuf.obj</name>
      </input_file>
      <input_file id="fl-a8">
         <path>C:\ti\ccsv5\tools\compiler\c6000_7.4.2\lib\</path>
         <kind>archive</kind>
         <file>rts6700.lib</file>
         <name>strtod.obj</name>
      </input_file>
      <input_file id="fl-a9">
         <path>C:\ti\ccsv5\tools\compiler\c6000_7.4.2\lib\</path>
         <kind>archive</kind>
         <file>rts6700.lib</file>
         <name>strtol.obj</name>
      </input_file>
      <input_file id="fl-aa">
         <path>C:\ti\ccsv5\tools\compiler\c6000_7.4.2\lib\</path>
         <kind>archive</kind>
         <file>rts6700.lib</file>
         <name>strtold.obj</name>
      </input_file>
      <input_file id="fl-ab">
         <path>C:\ti\ccsv5\tools\compiler\c6000_7.4.2\lib\</path>
         <kind>archive</kind>
         <file>rts6700.lib</file>
         <name>strtoll.obj</name>
      </input_file>
      <input_file id="fl-ac">
         <path>C:\ti\ccsv5\tools\compiler\c6000_7.4.2\lib\</path>
         <kind>archive</kind>
         <file>rts6700.lib</file>
         <name>strtoul.obj</name>
      </input_file>
      <input_file id="fl-ad">
         <path>C:\ti\ccsv5\tools\compiler\c6000_7.4.2\lib\</path>
         <kind>archive</kind>
         <file>rts6700.lib</file>
         <name>strtoull.obj</name>
      </input_file>
      <input_file id="fl-ae">
         <path>C:\ti\ccsv5\tools\compiler\c6000_7.4.2\lib\</path>
         <kind>archive</kind>
         <file>rts6700.lib</file>
         <name>trgdrv.obj</name>
      </input_file>
      <input_file id="fl-af">
         <path>C:\ti\ccsv5\tools\compiler\c6000_7.4.2\lib\</path>
         <kind>archive</kind>
         <file>rts6700.lib</file>
         <name>trgmsg.obj</name>
      </input_file>
      <input_file id="fl-b0">
         <path>C:\ti\ccsv5\tools\compiler\c6000_7.4.2\lib\</path>
         <kind>archive</kind>
         <file>rts6700.lib</file>
         <name>_bufread.obj</name>
      </input_file>
      <input_file id="fl-b1">
         <path>C:\ti\ccsv5\tools\compiler\c6000_7.4.2\lib\</path>
         <kind>archive</kind>
         <file>rts6700.lib</file>
         <name>_io_perm.obj</name>
      </input_file>
      <input_file id="fl-b2">
         <path>C:\ti\ccsv5\tools\compiler\c6000_7.4.2\lib\</path>
         <kind>archive</kind>
         <file>rts6700.lib</file>
         <name>abs.obj</name>
      </input_file>
      <input_file id="fl-b3">
         <path>C:\ti\ccsv5\tools\compiler\c6000_7.4.2\lib\</path>
         <kind>archive</kind>
         <file>rts6700.lib</file>
         <name>errno.obj</name>
      </input_file>
      <input_file id="fl-b4">
         <path>C:\ti\ccsv5\tools\compiler\c6000_7.4.2\lib\</path>
         <kind>archive</kind>
         <file>rts6700.lib</file>
         <name>fflush.obj</name>
      </input_file>
      <input_file id="fl-b5">
         <path>C:\ti\ccsv5\tools\compiler\c6000_7.4.2\lib\</path>
         <kind>archive</kind>
         <file>rts6700.lib</file>
         <name>fopen.obj</name>
      </input_file>
      <input_file id="fl-b6">
         <path>C:\ti\ccsv5\tools\compiler\c6000_7.4.2\lib\</path>
         <kind>archive</kind>
         <file>rts6700.lib</file>
         <name>fseek.obj</name>
      </input_file>
      <input_file id="fl-b7">
         <path>C:\ti\ccsv5\tools\compiler\c6000_7.4.2\lib\</path>
         <kind>archive</kind>
         <file>rts6700.lib</file>
         <name>memory.obj</name>
      </input_file>
      <input_file id="fl-b8">
         <path>C:\ti\ccsv5\tools\compiler\c6000_7.4.2\lib\</path>
         <kind>archive</kind>
         <file>rts6700.lib</file>
         <name>fclose.obj</name>
      </input_file>
      <input_file id="fl-b9">
         <path>C:\ti\ccsv5\tools\compiler\c6000_7.4.2\lib\</path>
         <kind>archive</kind>
         <file>rts6700.lib</file>
         <name>remove.obj</name>
      </input_file>
      <input_file id="fl-ba">
         <path>C:\DSK6713\c6000\dsk6713\lib\</path>
         <kind>archive</kind>
         <file>dsk6713bsl.lib</file>
         <name>dsk6713.obj</name>
      </input_file>
      <input_file id="fl-bb">
         <path>C:\DSK6713\c6000\dsk6713\lib\</path>
         <kind>archive</kind>
         <file>dsk6713bsl.lib</file>
         <name>dsk6713_dip.obj</name>
      </input_file>
      <input_file id="fl-bc">
         <path>C:\DSK6713\c6000\dsk6713\lib\</path>
         <kind>archive</kind>
         <file>dsk6713bsl.lib</file>
         <name>dsk6713_led.obj</name>
      </input_file>
      <input_file id="fl-bd">
         <path>C:\ti\ccsv5\tools\compiler\c6000_7.4.2\lib\</path>
         <kind>archive</kind>
         <file>rts6700.lib</file>
         <name>strasg.obj</name>
      </input_file>
   </input_file_list>
   <object_component_list>
      <object_component id="oc-10d">
         <name>.text:__scanfi</name>
         <load_address>0x0</load_address>
         <run_address>0x0</run_address>
         <size>0xc00</size>
         <input_file_ref idref="fl-8c"/>
      </object_component>
      <object_component id="oc-11e">
         <name>.text:__sset_arg</name>
         <load_address>0xc00</load_address>
         <run_address>0xc00</run_address>
         <size>0x7c0</size>
         <input_file_ref idref="fl-8c"/>
      </object_component>
      <object_component id="oc-145">
         <name>.text:__divd</name>
         <load_address>0x13c0</load_address>
         <run_address>0x13c0</run_address>
         <size>0x720</size>
         <input_file_ref idref="fl-94"/>
      </object_component>
      <object_component id="oc-13a">
         <name>.text:__getarg_diouxp</name>
         <load_address>0x1ae0</load_address>
         <run_address>0x1ae0</run_address>
         <size>0x6c0</size>
         <input_file_ref idref="fl-8b"/>
      </object_component>
      <object_component id="oc-133">
         <name>.text:_strtoll</name>
         <load_address>0x21a0</load_address>
         <run_address>0x21a0</run_address>
         <size>0x600</size>
         <input_file_ref idref="fl-ab"/>
      </object_component>
      <object_component id="oc-130">
         <name>.text:_strtod</name>
         <load_address>0x27a0</load_address>
         <run_address>0x27a0</run_address>
         <size>0x5e0</size>
         <input_file_ref idref="fl-a8"/>
      </object_component>
      <object_component id="oc-131">
         <name>.text:_strtold</name>
         <load_address>0x2d80</load_address>
         <run_address>0x2d80</run_address>
         <size>0x5e0</size>
         <input_file_ref idref="fl-aa"/>
      </object_component>
      <object_component id="oc-113">
         <name>.text:__setfield</name>
         <load_address>0x3360</load_address>
         <run_address>0x3360</run_address>
         <size>0x5a0</size>
         <input_file_ref idref="fl-8b"/>
      </object_component>
      <object_component id="oc-11b">
         <name>.text:__sproc_int</name>
         <load_address>0x3900</load_address>
         <run_address>0x3900</run_address>
         <size>0x5a0</size>
         <input_file_ref idref="fl-8c"/>
      </object_component>
      <object_component id="oc-132">
         <name>.text:_strtol</name>
         <load_address>0x3ea0</load_address>
         <run_address>0x3ea0</run_address>
         <size>0x580</size>
         <input_file_ref idref="fl-a9"/>
      </object_component>
      <object_component id="oc-109">
         <name>.text:__printfi</name>
         <load_address>0x4420</load_address>
         <run_address>0x4420</run_address>
         <size>0x560</size>
         <input_file_ref idref="fl-8b"/>
      </object_component>
      <object_component id="oc-12e">
         <name>.text:_strtoul</name>
         <load_address>0x4980</load_address>
         <run_address>0x4980</run_address>
         <size>0x520</size>
         <input_file_ref idref="fl-ac"/>
      </object_component>
      <object_component id="oc-10f">
         <name>.text:_fputs</name>
         <load_address>0x4ea0</load_address>
         <run_address>0x4ea0</run_address>
         <size>0x4c0</size>
         <input_file_ref idref="fl-9a"/>
      </object_component>
      <object_component id="oc-12f">
         <name>.text:_strtoull</name>
         <load_address>0x5360</load_address>
         <run_address>0x5360</run_address>
         <size>0x4a0</size>
         <input_file_ref idref="fl-ad"/>
      </object_component>
      <object_component id="oc-df">
         <name>.text</name>
         <load_address>0x5800</load_address>
         <run_address>0x5800</run_address>
         <size>0x480</size>
         <input_file_ref idref="fl-ba"/>
      </object_component>
      <object_component id="oc-14e">
         <name>.text:_fcvt</name>
         <load_address>0x5c80</load_address>
         <run_address>0x5c80</run_address>
         <size>0x420</size>
         <input_file_ref idref="fl-8b"/>
      </object_component>
      <object_component id="oc-123">
         <name>.text:__pproc_fge</name>
         <load_address>0x60a0</load_address>
         <run_address>0x60a0</run_address>
         <size>0x400</size>
         <input_file_ref idref="fl-8b"/>
      </object_component>
      <object_component id="oc-14b">
         <name>.text:_ecvt</name>
         <load_address>0x64a0</load_address>
         <run_address>0x64a0</run_address>
         <size>0x400</size>
         <input_file_ref idref="fl-8b"/>
      </object_component>
      <object_component id="oc-119">
         <name>.text:__sget_conv</name>
         <load_address>0x68a0</load_address>
         <run_address>0x68a0</run_address>
         <size>0x3a0</size>
         <input_file_ref idref="fl-8c"/>
      </object_component>
      <object_component id="oc-142">
         <name>.text:__divull</name>
         <load_address>0x6c40</load_address>
         <run_address>0x6c40</run_address>
         <size>0x380</size>
         <input_file_ref idref="fl-9d"/>
      </object_component>
      <object_component id="oc-11a">
         <name>.text:__sproc_float</name>
         <load_address>0x6fc0</load_address>
         <run_address>0x6fc0</run_address>
         <size>0x380</size>
         <input_file_ref idref="fl-8c"/>
      </object_component>
      <object_component id="oc-13d">
         <name>.text:_free</name>
         <load_address>0x7340</load_address>
         <run_address>0x7340</run_address>
         <size>0x380</size>
         <input_file_ref idref="fl-b7"/>
      </object_component>
      <object_component id="oc-139">
         <name>.text:__pconv_e</name>
         <load_address>0x76c0</load_address>
         <run_address>0x76c0</run_address>
         <size>0x360</size>
         <input_file_ref idref="fl-8b"/>
      </object_component>
      <object_component id="oc-112">
         <name>.text:__pproc_fwp</name>
         <load_address>0x7a20</load_address>
         <run_address>0x7a20</run_address>
         <size>0x360</size>
         <input_file_ref idref="fl-8b"/>
      </object_component>
      <object_component id="oc-100">
         <name>.text</name>
         <load_address>0x7d80</load_address>
         <run_address>0x7d80</run_address>
         <size>0x320</size>
         <input_file_ref idref="fl-4"/>
      </object_component>
      <object_component id="oc-124">
         <name>.text:__pproc_diouxp</name>
         <load_address>0x80a0</load_address>
         <run_address>0x80a0</run_address>
         <size>0x300</size>
         <input_file_ref idref="fl-8b"/>
      </object_component>
      <object_component id="oc-137">
         <name>.text:__pconv_g</name>
         <load_address>0x83a0</load_address>
         <run_address>0x83a0</run_address>
         <size>0x2c0</size>
         <input_file_ref idref="fl-8b"/>
      </object_component>
      <object_component id="oc-114">
         <name>.text:__pproc_str</name>
         <load_address>0x8660</load_address>
         <run_address>0x8660</run_address>
         <size>0x2c0</size>
         <input_file_ref idref="fl-8b"/>
      </object_component>
      <object_component id="oc-110">
         <name>.text:_fputc</name>
         <load_address>0x8920</load_address>
         <run_address>0x8920</run_address>
         <size>0x2a0</size>
         <input_file_ref idref="fl-99"/>
      </object_component>
      <object_component id="oc-126">
         <name>.text:_setvbuf</name>
         <load_address>0x8bc0</load_address>
         <run_address>0x8bc0</run_address>
         <size>0x2a0</size>
         <input_file_ref idref="fl-a7"/>
      </object_component>
      <object_component id="oc-140">
         <name>.text:__divul</name>
         <load_address>0x8e60</load_address>
         <run_address>0x8e60</run_address>
         <size>0x260</size>
         <input_file_ref idref="fl-9c"/>
      </object_component>
      <object_component id="oc-14d">
         <name>.text:__mcpy</name>
         <load_address>0x90c0</load_address>
         <run_address>0x90c0</run_address>
         <size>0x240</size>
         <input_file_ref idref="fl-8b"/>
      </object_component>
      <object_component id="oc-13e">
         <name>.text:_malloc</name>
         <load_address>0x9300</load_address>
         <run_address>0x9300</run_address>
         <size>0x240</size>
         <input_file_ref idref="fl-b7"/>
      </object_component>
      <object_component id="oc-fe">
         <name>.text:_memcpy</name>
         <load_address>0x9540</load_address>
         <run_address>0x9540</run_address>
         <size>0x240</size>
         <input_file_ref idref="fl-a3"/>
      </object_component>
      <object_component id="oc-fb">
         <name>.text:_HOSTrename</name>
         <load_address>0x9780</load_address>
         <run_address>0x9780</run_address>
         <size>0x220</size>
         <input_file_ref idref="fl-ae"/>
      </object_component>
      <object_component id="oc-11c">
         <name>.text:__sproc_str</name>
         <load_address>0x99a0</load_address>
         <run_address>0x99a0</run_address>
         <size>0x220</size>
         <input_file_ref idref="fl-8c"/>
      </object_component>
      <object_component id="oc-10b">
         <name>.text:__chkmbc</name>
         <load_address>0x9bc0</load_address>
         <run_address>0x9bc0</run_address>
         <size>0x200</size>
         <input_file_ref idref="fl-87"/>
      </object_component>
      <object_component id="oc-11d">
         <name>.text:__sproc_lb</name>
         <load_address>0x9dc0</load_address>
         <run_address>0x9dc0</run_address>
         <size>0x1e0</size>
         <input_file_ref idref="fl-8c"/>
      </object_component>
      <object_component id="oc-161">
         <name>.text:_getdevice</name>
         <load_address>0x9fa0</load_address>
         <run_address>0x9fa0</run_address>
         <size>0x1e0</size>
         <input_file_ref idref="fl-a0"/>
      </object_component>
      <object_component id="oc-e9">
         <name>.text</name>
         <load_address>0xa180</load_address>
         <run_address>0xa180</run_address>
         <size>0x1e0</size>
         <input_file_ref idref="fl-bc"/>
      </object_component>
      <object_component id="oc-134">
         <name>.text:_fseek</name>
         <load_address>0xa360</load_address>
         <run_address>0xa360</run_address>
         <size>0x1c0</size>
         <input_file_ref idref="fl-b6"/>
      </object_component>
      <object_component id="oc-13c">
         <name>.text:__ltostr</name>
         <load_address>0xa520</load_address>
         <run_address>0xa520</run_address>
         <size>0x1a0</size>
         <input_file_ref idref="fl-8b"/>
      </object_component>
      <object_component id="oc-111">
         <name>.text:__pproc_fflags</name>
         <load_address>0xa6c0</load_address>
         <run_address>0xa6c0</run_address>
         <size>0x1a0</size>
         <input_file_ref idref="fl-8b"/>
      </object_component>
      <object_component id="oc-117">
         <name>.text:_fgetc</name>
         <load_address>0xa860</load_address>
         <run_address>0xa860</run_address>
         <size>0x180</size>
         <input_file_ref idref="fl-96"/>
      </object_component>
      <object_component id="oc-f9">
         <name>.text:_HOSTlseek</name>
         <load_address>0xa9e0</load_address>
         <run_address>0xa9e0</run_address>
         <size>0x160</size>
         <input_file_ref idref="fl-ae"/>
      </object_component>
      <object_component id="oc-128">
         <name>.text:__buff_read</name>
         <load_address>0xab40</load_address>
         <run_address>0xab40</run_address>
         <size>0x160</size>
         <input_file_ref idref="fl-b0"/>
      </object_component>
      <object_component id="oc-153">
         <name>.text:__closefile</name>
         <load_address>0xaca0</load_address>
         <run_address>0xaca0</run_address>
         <size>0x160</size>
         <input_file_ref idref="fl-b8"/>
      </object_component>
      <object_component id="oc-12a">
         <name>.text:__sget_scanset</name>
         <load_address>0xae00</load_address>
         <run_address>0xae00</run_address>
         <size>0x160</size>
         <input_file_ref idref="fl-8c"/>
      </object_component>
      <object_component id="oc-115">
         <name>.text:_ungetc</name>
         <load_address>0xaf60</load_address>
         <run_address>0xaf60</run_address>
         <size>0x160</size>
         <input_file_ref idref="fl-89"/>
      </object_component>
      <object_component id="oc-f7">
         <name>.text:_HOSTread</name>
         <load_address>0xb0c0</load_address>
         <run_address>0xb0c0</run_address>
         <size>0x140</size>
         <input_file_ref idref="fl-ae"/>
      </object_component>
      <object_component id="oc-157">
         <name>.text:__frcmpyd_div</name>
         <load_address>0xb200</load_address>
         <run_address>0xb200</run_address>
         <size>0x140</size>
         <input_file_ref idref="fl-9b"/>
      </object_component>
      <object_component id="oc-122">
         <name>.text:_atoi</name>
         <load_address>0xb340</load_address>
         <run_address>0xb340</run_address>
         <size>0x140</size>
         <input_file_ref idref="fl-8e"/>
      </object_component>
      <object_component id="oc-f5">
         <name>.text:_HOSTopen</name>
         <load_address>0xb480</load_address>
         <run_address>0xb480</run_address>
         <size>0x120</size>
         <input_file_ref idref="fl-ae"/>
      </object_component>
      <object_component id="oc-f8">
         <name>.text:_HOSTwrite</name>
         <load_address>0xb5a0</load_address>
         <run_address>0xb5a0</run_address>
         <size>0x120</size>
         <input_file_ref idref="fl-ae"/>
      </object_component>
      <object_component id="oc-10e">
         <name>.text:__divi</name>
         <load_address>0xb6c0</load_address>
         <run_address>0xb6c0</run_address>
         <size>0x120</size>
         <input_file_ref idref="fl-85"/>
      </object_component>
      <object_component id="oc-11f">
         <name>.text:__wrt_ok</name>
         <load_address>0xb7e0</load_address>
         <run_address>0xb7e0</run_address>
         <size>0x120</size>
         <input_file_ref idref="fl-b1"/>
      </object_component>
      <object_component id="oc-15c">
         <name>.text:_close</name>
         <load_address>0xb900</load_address>
         <run_address>0xb900</run_address>
         <size>0x120</size>
         <input_file_ref idref="fl-a0"/>
      </object_component>
      <object_component id="oc-159">
         <name>.text:_ltoa</name>
         <load_address>0xba20</load_address>
         <run_address>0xba20</run_address>
         <size>0x120</size>
         <input_file_ref idref="fl-a1"/>
      </object_component>
      <object_component id="oc-118">
         <name>.text:_memset</name>
         <load_address>0xbb40</load_address>
         <run_address>0xbb40</run_address>
         <size>0x120</size>
         <input_file_ref idref="fl-a4"/>
      </object_component>
      <object_component id="oc-f6">
         <name>.text:_HOSTclose</name>
         <load_address>0xbc60</load_address>
         <run_address>0xbc60</run_address>
         <size>0x100</size>
         <input_file_ref idref="fl-ae"/>
      </object_component>
      <object_component id="oc-fa">
         <name>.text:_HOSTunlink</name>
         <load_address>0xbd60</load_address>
         <run_address>0xbd60</run_address>
         <size>0x100</size>
         <input_file_ref idref="fl-ae"/>
      </object_component>
      <object_component id="oc-f1">
         <name>.text:__auto_init</name>
         <load_address>0xbe60</load_address>
         <run_address>0xbe60</run_address>
         <size>0x100</size>
         <input_file_ref idref="fl-8f"/>
      </object_component>
      <object_component id="oc-150">
         <name>.text:__div</name>
         <load_address>0xbf60</load_address>
         <run_address>0xbf60</run_address>
         <size>0x100</size>
         <input_file_ref idref="fl-8b"/>
      </object_component>
      <object_component id="oc-15f">
         <name>.text:__divli</name>
         <load_address>0xc060</load_address>
         <run_address>0xc060</run_address>
         <size>0x100</size>
         <input_file_ref idref="fl-9c"/>
      </object_component>
      <object_component id="oc-138">
         <name>.text:__pconv_f</name>
         <load_address>0xc160</load_address>
         <run_address>0xc160</run_address>
         <size>0x100</size>
         <input_file_ref idref="fl-8b"/>
      </object_component>
      <object_component id="oc-14a">
         <name>.text:_lseek</name>
         <load_address>0xc260</load_address>
         <run_address>0xc260</run_address>
         <size>0x100</size>
         <input_file_ref idref="fl-a0"/>
      </object_component>
      <object_component id="oc-104">
         <name>.text:_printf</name>
         <load_address>0xc360</load_address>
         <run_address>0xc360</run_address>
         <size>0x100</size>
         <input_file_ref idref="fl-88"/>
      </object_component>
      <object_component id="oc-129">
         <name>.text:_read</name>
         <load_address>0xc460</load_address>
         <run_address>0xc460</run_address>
         <size>0x100</size>
         <input_file_ref idref="fl-a0"/>
      </object_component>
      <object_component id="oc-105">
         <name>.text:_scanf</name>
         <load_address>0xc560</load_address>
         <run_address>0xc560</run_address>
         <size>0x100</size>
         <input_file_ref idref="fl-87"/>
      </object_component>
      <object_component id="oc-121">
         <name>.text:_write</name>
         <load_address>0xc660</load_address>
         <run_address>0xc660</run_address>
         <size>0x100</size>
         <input_file_ref idref="fl-a0"/>
      </object_component>
      <object_component id="oc-13f">
         <name>.text:__cleanup</name>
         <load_address>0xc760</load_address>
         <run_address>0xc760</run_address>
         <size>0xe0</size>
         <input_file_ref idref="fl-b5"/>
      </object_component>
      <object_component id="oc-120">
         <name>.text:__doflush</name>
         <load_address>0xc840</load_address>
         <run_address>0xc840</run_address>
         <size>0xe0</size>
         <input_file_ref idref="fl-b4"/>
      </object_component>
      <object_component id="oc-14c">
         <name>.text:__ecpy</name>
         <load_address>0xc920</load_address>
         <run_address>0xc920</run_address>
         <size>0xe0</size>
         <input_file_ref idref="fl-8b"/>
      </object_component>
      <object_component id="oc-14f">
         <name>.text:__fcpy</name>
         <load_address>0xca00</load_address>
         <run_address>0xca00</run_address>
         <size>0xe0</size>
         <input_file_ref idref="fl-8b"/>
      </object_component>
      <object_component id="oc-127">
         <name>.text:__rd_ok</name>
         <load_address>0xcae0</load_address>
         <run_address>0xcae0</run_address>
         <size>0xe0</size>
         <input_file_ref idref="fl-b1"/>
      </object_component>
      <object_component id="oc-fc">
         <name>.text:__strasg</name>
         <load_address>0xcbc0</load_address>
         <run_address>0xcbc0</run_address>
         <size>0xe0</size>
         <input_file_ref idref="fl-bd"/>
      </object_component>
      <object_component id="oc-f3">
         <name>.text:_exit</name>
         <load_address>0xcca0</load_address>
         <run_address>0xcca0</run_address>
         <size>0xe0</size>
         <input_file_ref idref="fl-86"/>
      </object_component>
      <object_component id="oc-152">
         <name>.text:_minsert</name>
         <load_address>0xcd80</load_address>
         <run_address>0xcd80</run_address>
         <size>0xe0</size>
         <input_file_ref idref="fl-b7"/>
      </object_component>
      <object_component id="oc-151">
         <name>.text:_mremove</name>
         <load_address>0xce60</load_address>
         <run_address>0xce60</run_address>
         <size>0xe0</size>
         <input_file_ref idref="fl-b7"/>
      </object_component>
      <object_component id="oc-15b">
         <name>.text:__divu</name>
         <load_address>0xcf40</load_address>
         <run_address>0xcf40</run_address>
         <size>0xc0</size>
         <input_file_ref idref="fl-95"/>
      </object_component>
      <object_component id="oc-fd">
         <name>.text:_copy_in</name>
         <load_address>0xd000</load_address>
         <run_address>0xd000</run_address>
         <size>0xc0</size>
         <input_file_ref idref="fl-91"/>
      </object_component>
      <object_component id="oc-162">
         <name>.text:_finddevice</name>
         <load_address>0xd0c0</load_address>
         <run_address>0xd0c0</run_address>
         <size>0xc0</size>
         <input_file_ref idref="fl-a0"/>
      </object_component>
      <object_component id="oc-158">
         <name>.text:__fixdli</name>
         <load_address>0xd180</load_address>
         <run_address>0xd180</run_address>
         <size>0xa0</size>
         <input_file_ref idref="fl-97"/>
      </object_component>
      <object_component id="oc-141">
         <name>.text:__mpyll</name>
         <load_address>0xd220</load_address>
         <run_address>0xd220</run_address>
         <size>0xa0</size>
         <input_file_ref idref="fl-a5"/>
      </object_component>
      <object_component id="oc-15e">
         <name>.text:__remli</name>
         <load_address>0xd2c0</load_address>
         <run_address>0xd2c0</run_address>
         <size>0xa0</size>
         <input_file_ref idref="fl-9c"/>
      </object_component>
      <object_component id="oc-148">
         <name>.text:__remul</name>
         <load_address>0xd360</load_address>
         <run_address>0xd360</run_address>
         <size>0xa0</size>
         <input_file_ref idref="fl-9c"/>
      </object_component>
      <object_component id="oc-149">
         <name>.text:__remull</name>
         <load_address>0xd400</load_address>
         <run_address>0xd400</run_address>
         <size>0xa0</size>
         <input_file_ref idref="fl-9d"/>
      </object_component>
      <object_component id="oc-103">
         <name>.text:_readmsg</name>
         <load_address>0xd4a0</load_address>
         <run_address>0xd4a0</run_address>
         <size>0xa0</size>
         <input_file_ref idref="fl-af"/>
      </object_component>
      <object_component id="oc-160">
         <name>.text:_unlink</name>
         <load_address>0xd540</load_address>
         <run_address>0xd540</run_address>
         <size>0xa0</size>
         <input_file_ref idref="fl-a0"/>
      </object_component>
      <object_component id="oc-102">
         <name>.text:_writemsg</name>
         <load_address>0xd5e0</load_address>
         <run_address>0xd5e0</run_address>
         <size>0xa0</size>
         <input_file_ref idref="fl-af"/>
      </object_component>
      <object_component id="oc-ff">
         <name>.text:___TI_cpp_init</name>
         <load_address>0xd680</load_address>
         <run_address>0xd680</run_address>
         <size>0x80</size>
         <input_file_ref idref="fl-90"/>
      </object_component>
      <object_component id="oc-15a">
         <name>.text:__fltlid</name>
         <load_address>0xd700</load_address>
         <run_address>0xd700</run_address>
         <size>0x80</size>
         <input_file_ref idref="fl-98"/>
      </object_component>
      <object_component id="oc-154">
         <name>.text:__llshl</name>
         <load_address>0xd780</load_address>
         <run_address>0xd780</run_address>
         <size>0x80</size>
         <input_file_ref idref="fl-9f"/>
      </object_component>
      <object_component id="oc-17">
         <name>.text:_c_int00</name>
         <load_address>0xd800</load_address>
         <run_address>0xd800</run_address>
         <size>0x80</size>
         <input_file_ref idref="fl-83"/>
      </object_component>
      <object_component id="oc-125">
         <name>.text:_memccpy</name>
         <load_address>0xd880</load_address>
         <run_address>0xd880</run_address>
         <size>0x80</size>
         <input_file_ref idref="fl-a2"/>
      </object_component>
      <object_component id="oc-e5">
         <name>.text</name>
         <load_address>0xd900</load_address>
         <run_address>0xd900</run_address>
         <size>0x80</size>
         <input_file_ref idref="fl-bb"/>
      </object_component>
      <object_component id="oc-136">
         <name>.text:___isinf</name>
         <load_address>0xd980</load_address>
         <run_address>0xd980</run_address>
         <size>0x60</size>
         <input_file_ref idref="fl-9e"/>
      </object_component>
      <object_component id="oc-156">
         <name>.text:__llshru</name>
         <load_address>0xd9e0</load_address>
         <run_address>0xd9e0</run_address>
         <size>0x60</size>
         <input_file_ref idref="fl-9f"/>
      </object_component>
      <object_component id="oc-155">
         <name>.text:__subcull</name>
         <load_address>0xda40</load_address>
         <run_address>0xda40</run_address>
         <size>0x60</size>
         <input_file_ref idref="fl-9d"/>
      </object_component>
      <object_component id="oc-106">
         <name>.text:_div</name>
         <load_address>0xdaa0</load_address>
         <run_address>0xdaa0</run_address>
         <size>0x60</size>
         <input_file_ref idref="fl-84"/>
      </object_component>
      <object_component id="oc-25">
         <name>.text</name>
         <load_address>0xdb00</load_address>
         <run_address>0xdb00</run_address>
         <size>0x60</size>
         <input_file_ref idref="fl-6"/>
      </object_component>
      <object_component id="oc-135">
         <name>.text:___isnan</name>
         <load_address>0xdb60</load_address>
         <run_address>0xdb60</run_address>
         <size>0x40</size>
         <input_file_ref idref="fl-8b"/>
      </object_component>
      <object_component id="oc-f2">
         <name>.text:__args_main</name>
         <load_address>0xdba0</load_address>
         <run_address>0xdba0</run_address>
         <size>0x40</size>
         <input_file_ref idref="fl-8d"/>
      </object_component>
      <object_component id="oc-10c">
         <name>.text:__inpchar</name>
         <load_address>0xdbe0</load_address>
         <run_address>0xdbe0</run_address>
         <size>0x20</size>
         <input_file_ref idref="fl-87"/>
      </object_component>
      <object_component id="oc-13b">
         <name>.text:__negll</name>
         <load_address>0xdc00</load_address>
         <run_address>0xdc00</run_address>
         <size>0x20</size>
         <input_file_ref idref="fl-a6"/>
      </object_component>
      <object_component id="oc-f4">
         <name>.text:__nop</name>
         <load_address>0xdc20</load_address>
         <run_address>0xdc20</run_address>
         <size>0x20</size>
         <input_file_ref idref="fl-8a"/>
      </object_component>
      <object_component id="oc-108">
         <name>.text:__outc</name>
         <load_address>0xdc40</load_address>
         <run_address>0xdc40</run_address>
         <size>0x20</size>
         <input_file_ref idref="fl-88"/>
      </object_component>
      <object_component id="oc-107">
         <name>.text:__outs</name>
         <load_address>0xdc60</load_address>
         <run_address>0xdc60</run_address>
         <size>0x20</size>
         <input_file_ref idref="fl-88"/>
      </object_component>
      <object_component id="oc-10a">
         <name>.text:__uninpchar</name>
         <load_address>0xdc80</load_address>
         <run_address>0xdc80</run_address>
         <size>0x20</size>
         <input_file_ref idref="fl-87"/>
      </object_component>
      <object_component id="oc-101">
         <name>.text:_abort</name>
         <load_address>0xdca0</load_address>
         <run_address>0xdca0</run_address>
         <size>0x20</size>
         <input_file_ref idref="fl-86"/>
      </object_component>
      <object_component id="oc-15d">
         <name>.text:_remove</name>
         <load_address>0xdcc0</load_address>
         <run_address>0xdcc0</run_address>
         <size>0x20</size>
         <input_file_ref idref="fl-b9"/>
      </object_component>
      <object_component id="oc-1c">
         <name>.text</name>
         <load_address>0xdce0</load_address>
         <run_address>0xdce0</run_address>
         <size>0x20</size>
         <input_file_ref idref="fl-3"/>
      </object_component>
      <object_component id="oc-18">
         <name>.text</name>
         <load_address>0xdd00</load_address>
         <run_address>0xdd00</run_address>
         <size>0x20</size>
         <input_file_ref idref="fl-2"/>
      </object_component>
      <object_component id="oc-2a">
         <name>.stack</name>
         <uninitialized>true</uninitialized>
         <run_address>0xdd20</run_address>
         <size>0x8</size>
         <input_file_ref idref="fl-83"/>
      </object_component>
      <object_component id="oc-181">
         <name>.stack</name>
         <uninitialized>true</uninitialized>
         <run_address>0xdd20</run_address>
         <size>0x0</size>
      </object_component>
      <object_component id="oc-b8">
         <name>.cio</name>
         <uninitialized>true</uninitialized>
         <run_address>0xf63c</run_address>
         <size>0x120</size>
         <input_file_ref idref="fl-af"/>
      </object_component>
      <object_component id="oc-116">
         <name>.const:.string:__ctypes_</name>
         <load_address>0xf190</load_address>
         <run_address>0xf190</run_address>
         <size>0x101</size>
         <input_file_ref idref="fl-92"/>
      </object_component>
      <object_component id="oc-75">
         <name>.const:.string</name>
         <load_address>0xf291</load_address>
         <run_address>0xf291</run_address>
         <size>0x2</size>
         <input_file_ref idref="fl-9a"/>
      </object_component>
      <object_component id="oc-21">
         <name>.const:.string</name>
         <load_address>0xf294</load_address>
         <run_address>0xf294</run_address>
         <size>0xb8</size>
         <input_file_ref idref="fl-4"/>
      </object_component>
      <object_component id="oc-143">
         <name>.const:_digits</name>
         <load_address>0xf350</load_address>
         <run_address>0xf350</run_address>
         <size>0x50</size>
         <input_file_ref idref="fl-a8"/>
      </object_component>
      <object_component id="oc-146">
         <name>.const:_digits</name>
         <load_address>0xf3a0</load_address>
         <run_address>0xf3a0</run_address>
         <size>0x50</size>
         <input_file_ref idref="fl-aa"/>
      </object_component>
      <object_component id="oc-144">
         <name>.const:_powerof10</name>
         <load_address>0xf3f0</load_address>
         <run_address>0xf3f0</run_address>
         <size>0x48</size>
         <input_file_ref idref="fl-a8"/>
      </object_component>
      <object_component id="oc-147">
         <name>.const:_powerof10</name>
         <load_address>0xf438</load_address>
         <run_address>0xf438</run_address>
         <size>0x48</size>
         <input_file_ref idref="fl-aa"/>
      </object_component>
      <object_component id="oc-47">
         <name>.const:.string</name>
         <load_address>0xf480</load_address>
         <run_address>0xf480</run_address>
         <size>0x23</size>
         <input_file_ref idref="fl-8b"/>
      </object_component>
      <object_component id="oc-e1">
         <name>.const</name>
         <load_address>0xf4a4</load_address>
         <run_address>0xf4a4</run_address>
         <size>0x20</size>
         <input_file_ref idref="fl-ba"/>
      </object_component>
      <object_component id="oc-12b">
         <name>.const:.string:_flit$1</name>
         <load_address>0xf4c4</load_address>
         <run_address>0xf4c4</run_address>
         <size>0x7</size>
         <input_file_ref idref="fl-8c"/>
      </object_component>
      <object_component id="oc-12c">
         <name>.const:.string:_barr$2</name>
         <load_address>0xf4cc</load_address>
         <run_address>0xf4cc</run_address>
         <size>0x6</size>
         <input_file_ref idref="fl-8c"/>
      </object_component>
      <object_component id="oc-12d">
         <name>.switch:__sset_arg</name>
         <load_address>0xf75c</load_address>
         <run_address>0xf75c</run_address>
         <size>0x28</size>
         <input_file_ref idref="fl-8c"/>
      </object_component>
      <object_component id="oc-d6">
         <name>.sysmem</name>
         <uninitialized>true</uninitialized>
         <run_address>0xe520</run_address>
         <size>0x8</size>
         <input_file_ref idref="fl-b7"/>
      </object_component>
      <object_component id="oc-182">
         <name>.sysmem</name>
         <uninitialized>true</uninitialized>
         <run_address>0xe520</run_address>
         <size>0x0</size>
      </object_component>
      <object_component id="oc-35">
         <name>.far</name>
         <uninitialized>true</uninitialized>
         <run_address>0xf160</run_address>
         <size>0xc</size>
         <input_file_ref idref="fl-86"/>
      </object_component>
      <object_component id="oc-43">
         <name>.far</name>
         <uninitialized>true</uninitialized>
         <run_address>0xf16c</run_address>
         <size>0x8</size>
         <input_file_ref idref="fl-8a"/>
      </object_component>
      <object_component id="oc-60">
         <name>.far</name>
         <uninitialized>true</uninitialized>
         <run_address>0xed20</run_address>
         <size>0x324</size>
         <input_file_ref idref="fl-93"/>
      </object_component>
      <object_component id="oc-89">
         <name>.far</name>
         <uninitialized>true</uninitialized>
         <run_address>0xf044</run_address>
         <size>0x11c</size>
         <input_file_ref idref="fl-a0"/>
      </object_component>
      <object_component id="oc-b4">
         <name>.far</name>
         <uninitialized>true</uninitialized>
         <run_address>0xf17c</run_address>
         <size>0x8</size>
         <input_file_ref idref="fl-ae"/>
      </object_component>
      <object_component id="oc-c6">
         <name>.far</name>
         <uninitialized>true</uninitialized>
         <run_address>0xf184</run_address>
         <size>0x4</size>
         <input_file_ref idref="fl-b3"/>
      </object_component>
      <object_component id="oc-cd">
         <name>.far</name>
         <uninitialized>true</uninitialized>
         <run_address>0xf188</run_address>
         <size>0x4</size>
         <input_file_ref idref="fl-b5"/>
      </object_component>
      <object_component id="oc-d5">
         <name>.far</name>
         <uninitialized>true</uninitialized>
         <run_address>0xf174</run_address>
         <size>0x8</size>
         <input_file_ref idref="fl-b7"/>
      </object_component>
      <object_component id="oc-e0">
         <name>.far</name>
         <uninitialized>true</uninitialized>
         <run_address>0xf18c</run_address>
         <size>0x2</size>
         <input_file_ref idref="fl-ba"/>
      </object_component>
      <object_component id="oc-ea">
         <name>.far</name>
         <uninitialized>true</uninitialized>
         <run_address>0xf18e</run_address>
         <size>0x2</size>
         <input_file_ref idref="fl-bc"/>
      </object_component>
      <object_component id="oc-5f">
         <name>.cinit</name>
         <load_address>0xf4d8</load_address>
         <run_address>0xf4d8</run_address>
         <size>0x5c</size>
         <input_file_ref idref="fl-93"/>
      </object_component>
      <object_component id="oc-88">
         <name>.cinit</name>
         <load_address>0xf538</load_address>
         <run_address>0xf538</run_address>
         <size>0x5c</size>
         <input_file_ref idref="fl-a0"/>
      </object_component>
      <object_component id="oc-34">
         <name>.cinit</name>
         <load_address>0xf598</load_address>
         <run_address>0xf598</run_address>
         <size>0x2c</size>
         <input_file_ref idref="fl-86"/>
      </object_component>
      <object_component id="oc-d4">
         <name>.cinit</name>
         <load_address>0xf5c8</load_address>
         <run_address>0xf5c8</run_address>
         <size>0x2c</size>
         <input_file_ref idref="fl-b7"/>
      </object_component>
      <object_component id="oc-42">
         <name>.cinit</name>
         <load_address>0xf5f8</load_address>
         <run_address>0xf5f8</run_address>
         <size>0x1c</size>
         <input_file_ref idref="fl-8a"/>
      </object_component>
      <object_component id="oc-c5">
         <name>.cinit</name>
         <load_address>0xf618</load_address>
         <run_address>0xf618</run_address>
         <size>0xc</size>
         <input_file_ref idref="fl-b3"/>
      </object_component>
      <object_component id="oc-cc">
         <name>.cinit</name>
         <load_address>0xf628</load_address>
         <run_address>0xf628</run_address>
         <size>0xc</size>
         <input_file_ref idref="fl-b5"/>
      </object_component>
      <object_component id="oc-19">
         <name>.debug_info</name>
         <load_address>0x0</load_address>
         <run_address>0x0</run_address>
         <size>0xa1</size>
         <input_file_ref idref="fl-2"/>
      </object_component>
      <object_component id="oc-1d">
         <name>.debug_info</name>
         <load_address>0xa1</load_address>
         <run_address>0xa1</run_address>
         <size>0xa1</size>
         <input_file_ref idref="fl-3"/>
      </object_component>
      <object_component id="oc-20">
         <name>.debug_info</name>
         <load_address>0x142</load_address>
         <run_address>0x142</run_address>
         <size>0x928</size>
         <input_file_ref idref="fl-4"/>
      </object_component>
      <object_component id="oc-26">
         <name>.debug_info</name>
         <load_address>0xa6a</load_address>
         <run_address>0xa6a</run_address>
         <size>0xa2</size>
         <input_file_ref idref="fl-6"/>
      </object_component>
      <object_component id="oc-29">
         <name>.debug_info</name>
         <load_address>0xb0c</load_address>
         <run_address>0xb0c</run_address>
         <size>0x70a</size>
         <input_file_ref idref="fl-83"/>
      </object_component>
      <object_component id="oc-2d">
         <name>.debug_info</name>
         <load_address>0x1216</load_address>
         <run_address>0x1216</run_address>
         <size>0x673</size>
         <input_file_ref idref="fl-84"/>
      </object_component>
      <object_component id="oc-30">
         <name>.debug_info</name>
         <load_address>0x1889</load_address>
         <run_address>0x1889</run_address>
         <size>0xd1</size>
         <input_file_ref idref="fl-85"/>
      </object_component>
      <object_component id="oc-33">
         <name>.debug_info</name>
         <load_address>0x195a</load_address>
         <run_address>0x195a</run_address>
         <size>0x7fb</size>
         <input_file_ref idref="fl-86"/>
      </object_component>
      <object_component id="oc-38">
         <name>.debug_info</name>
         <load_address>0x2155</load_address>
         <run_address>0x2155</run_address>
         <size>0xc02</size>
         <input_file_ref idref="fl-87"/>
      </object_component>
      <object_component id="oc-3b">
         <name>.debug_info</name>
         <load_address>0x2d57</load_address>
         <run_address>0x2d57</run_address>
         <size>0x901</size>
         <input_file_ref idref="fl-88"/>
      </object_component>
      <object_component id="oc-3e">
         <name>.debug_info</name>
         <load_address>0x3658</load_address>
         <run_address>0x3658</run_address>
         <size>0x770</size>
         <input_file_ref idref="fl-89"/>
      </object_component>
      <object_component id="oc-41">
         <name>.debug_info</name>
         <load_address>0x3dc8</load_address>
         <run_address>0x3dc8</run_address>
         <size>0x64b</size>
         <input_file_ref idref="fl-8a"/>
      </object_component>
      <object_component id="oc-46">
         <name>.debug_info</name>
         <load_address>0x4413</load_address>
         <run_address>0x4413</run_address>
         <size>0x2b5b</size>
         <input_file_ref idref="fl-8b"/>
      </object_component>
      <object_component id="oc-4a">
         <name>.debug_info</name>
         <load_address>0x6f6e</load_address>
         <run_address>0x6f6e</run_address>
         <size>0x1e8b</size>
         <input_file_ref idref="fl-8c"/>
      </object_component>
      <object_component id="oc-4d">
         <name>.debug_info</name>
         <load_address>0x8df9</load_address>
         <run_address>0x8df9</run_address>
         <size>0x6e0</size>
         <input_file_ref idref="fl-8d"/>
      </object_component>
      <object_component id="oc-50">
         <name>.debug_info</name>
         <load_address>0x94d9</load_address>
         <run_address>0x94d9</run_address>
         <size>0x71b</size>
         <input_file_ref idref="fl-8e"/>
      </object_component>
      <object_component id="oc-53">
         <name>.debug_info</name>
         <load_address>0x9bf4</load_address>
         <run_address>0x9bf4</run_address>
         <size>0x86d</size>
         <input_file_ref idref="fl-8f"/>
      </object_component>
      <object_component id="oc-56">
         <name>.debug_info</name>
         <load_address>0xa461</load_address>
         <run_address>0xa461</run_address>
         <size>0x6e5</size>
         <input_file_ref idref="fl-90"/>
      </object_component>
      <object_component id="oc-59">
         <name>.debug_info</name>
         <load_address>0xab46</load_address>
         <run_address>0xab46</run_address>
         <size>0x7db</size>
         <input_file_ref idref="fl-91"/>
      </object_component>
      <object_component id="oc-5c">
         <name>.debug_info</name>
         <load_address>0xb321</load_address>
         <run_address>0xb321</run_address>
         <size>0x5f9</size>
         <input_file_ref idref="fl-92"/>
      </object_component>
      <object_component id="oc-5e">
         <name>.debug_info</name>
         <load_address>0xb91a</load_address>
         <run_address>0xb91a</run_address>
         <size>0x6e6</size>
         <input_file_ref idref="fl-93"/>
      </object_component>
      <object_component id="oc-62">
         <name>.debug_info</name>
         <load_address>0xc000</load_address>
         <run_address>0xc000</run_address>
         <size>0x981</size>
         <input_file_ref idref="fl-94"/>
      </object_component>
      <object_component id="oc-65">
         <name>.debug_info</name>
         <load_address>0xc981</load_address>
         <run_address>0xc981</run_address>
         <size>0xd1</size>
         <input_file_ref idref="fl-95"/>
      </object_component>
      <object_component id="oc-68">
         <name>.debug_info</name>
         <load_address>0xca52</load_address>
         <run_address>0xca52</run_address>
         <size>0x7c1</size>
         <input_file_ref idref="fl-96"/>
      </object_component>
      <object_component id="oc-6b">
         <name>.debug_info</name>
         <load_address>0xd213</load_address>
         <run_address>0xd213</run_address>
         <size>0x690</size>
         <input_file_ref idref="fl-97"/>
      </object_component>
      <object_component id="oc-6e">
         <name>.debug_info</name>
         <load_address>0xd8a3</load_address>
         <run_address>0xd8a3</run_address>
         <size>0x6a9</size>
         <input_file_ref idref="fl-98"/>
      </object_component>
      <object_component id="oc-71">
         <name>.debug_info</name>
         <load_address>0xdf4c</load_address>
         <run_address>0xdf4c</run_address>
         <size>0x829</size>
         <input_file_ref idref="fl-99"/>
      </object_component>
      <object_component id="oc-74">
         <name>.debug_info</name>
         <load_address>0xe775</load_address>
         <run_address>0xe775</run_address>
         <size>0xb80</size>
         <input_file_ref idref="fl-9a"/>
      </object_component>
      <object_component id="oc-78">
         <name>.debug_info</name>
         <load_address>0xf2f5</load_address>
         <run_address>0xf2f5</run_address>
         <size>0x6a3</size>
         <input_file_ref idref="fl-9b"/>
      </object_component>
      <object_component id="oc-7b">
         <name>.debug_info</name>
         <load_address>0xf998</load_address>
         <run_address>0xf998</run_address>
         <size>0x82b</size>
         <input_file_ref idref="fl-9c"/>
      </object_component>
      <object_component id="oc-7e">
         <name>.debug_info</name>
         <load_address>0x101c3</load_address>
         <run_address>0x101c3</run_address>
         <size>0x837</size>
         <input_file_ref idref="fl-9d"/>
      </object_component>
      <object_component id="oc-81">
         <name>.debug_info</name>
         <load_address>0x109fa</load_address>
         <run_address>0x109fa</run_address>
         <size>0x815</size>
         <input_file_ref idref="fl-9e"/>
      </object_component>
      <object_component id="oc-84">
         <name>.debug_info</name>
         <load_address>0x1120f</load_address>
         <run_address>0x1120f</run_address>
         <size>0x700</size>
         <input_file_ref idref="fl-9f"/>
      </object_component>
      <object_component id="oc-87">
         <name>.debug_info</name>
         <load_address>0x1190f</load_address>
         <run_address>0x1190f</run_address>
         <size>0xff0</size>
         <input_file_ref idref="fl-a0"/>
      </object_component>
      <object_component id="oc-8c">
         <name>.debug_info</name>
         <load_address>0x128ff</load_address>
         <run_address>0x128ff</run_address>
         <size>0x744</size>
         <input_file_ref idref="fl-a1"/>
      </object_component>
      <object_component id="oc-8f">
         <name>.debug_info</name>
         <load_address>0x13043</load_address>
         <run_address>0x13043</run_address>
         <size>0x6e8</size>
         <input_file_ref idref="fl-a2"/>
      </object_component>
      <object_component id="oc-92">
         <name>.debug_info</name>
         <load_address>0x1372b</load_address>
         <run_address>0x1372b</run_address>
         <size>0x78b</size>
         <input_file_ref idref="fl-a3"/>
      </object_component>
      <object_component id="oc-95">
         <name>.debug_info</name>
         <load_address>0x13eb6</load_address>
         <run_address>0x13eb6</run_address>
         <size>0x72c</size>
         <input_file_ref idref="fl-a4"/>
      </object_component>
      <object_component id="oc-98">
         <name>.debug_info</name>
         <load_address>0x145e2</load_address>
         <run_address>0x145e2</run_address>
         <size>0x6b6</size>
         <input_file_ref idref="fl-a5"/>
      </object_component>
      <object_component id="oc-9b">
         <name>.debug_info</name>
         <load_address>0x14c98</load_address>
         <run_address>0x14c98</run_address>
         <size>0x617</size>
         <input_file_ref idref="fl-a6"/>
      </object_component>
      <object_component id="oc-9e">
         <name>.debug_info</name>
         <load_address>0x152af</load_address>
         <run_address>0x152af</run_address>
         <size>0x80b</size>
         <input_file_ref idref="fl-a7"/>
      </object_component>
      <object_component id="oc-a1">
         <name>.debug_info</name>
         <load_address>0x15aba</load_address>
         <run_address>0x15aba</run_address>
         <size>0x9b0</size>
         <input_file_ref idref="fl-a8"/>
      </object_component>
      <object_component id="oc-a4">
         <name>.debug_info</name>
         <load_address>0x1646a</load_address>
         <run_address>0x1646a</run_address>
         <size>0x743</size>
         <input_file_ref idref="fl-a9"/>
      </object_component>
      <object_component id="oc-a7">
         <name>.debug_info</name>
         <load_address>0x16bad</load_address>
         <run_address>0x16bad</run_address>
         <size>0x9c1</size>
         <input_file_ref idref="fl-aa"/>
      </object_component>
      <object_component id="oc-aa">
         <name>.debug_info</name>
         <load_address>0x1756e</load_address>
         <run_address>0x1756e</run_address>
         <size>0x76f</size>
         <input_file_ref idref="fl-ab"/>
      </object_component>
      <object_component id="oc-ad">
         <name>.debug_info</name>
         <load_address>0x17cdd</load_address>
         <run_address>0x17cdd</run_address>
         <size>0x728</size>
         <input_file_ref idref="fl-ac"/>
      </object_component>
      <object_component id="oc-b0">
         <name>.debug_info</name>
         <load_address>0x18405</load_address>
         <run_address>0x18405</run_address>
         <size>0x75a</size>
         <input_file_ref idref="fl-ad"/>
      </object_component>
      <object_component id="oc-b3">
         <name>.debug_info</name>
         <load_address>0x18b5f</load_address>
         <run_address>0x18b5f</run_address>
         <size>0xeef</size>
         <input_file_ref idref="fl-ae"/>
      </object_component>
      <object_component id="oc-b7">
         <name>.debug_info</name>
         <load_address>0x19a4e</load_address>
         <run_address>0x19a4e</run_address>
         <size>0x8c4</size>
         <input_file_ref idref="fl-af"/>
      </object_component>
      <object_component id="oc-bb">
         <name>.debug_info</name>
         <load_address>0x1a312</load_address>
         <run_address>0x1a312</run_address>
         <size>0x7fc</size>
         <input_file_ref idref="fl-b0"/>
      </object_component>
      <object_component id="oc-be">
         <name>.debug_info</name>
         <load_address>0x1ab0e</load_address>
         <run_address>0x1ab0e</run_address>
         <size>0x7cc</size>
         <input_file_ref idref="fl-b1"/>
      </object_component>
      <object_component id="oc-c1">
         <name>.debug_info</name>
         <load_address>0x1b2da</load_address>
         <run_address>0x1b2da</run_address>
         <size>0x5cb</size>
         <input_file_ref idref="fl-b2"/>
      </object_component>
      <object_component id="oc-c4">
         <name>.debug_info</name>
         <load_address>0x1b8a5</load_address>
         <run_address>0x1b8a5</run_address>
         <size>0x5e1</size>
         <input_file_ref idref="fl-b3"/>
      </object_component>
      <object_component id="oc-c8">
         <name>.debug_info</name>
         <load_address>0x1be86</load_address>
         <run_address>0x1be86</run_address>
         <size>0x780</size>
         <input_file_ref idref="fl-b4"/>
      </object_component>
      <object_component id="oc-cb">
         <name>.debug_info</name>
         <load_address>0x1c606</load_address>
         <run_address>0x1c606</run_address>
         <size>0x881</size>
         <input_file_ref idref="fl-b5"/>
      </object_component>
      <object_component id="oc-d0">
         <name>.debug_info</name>
         <load_address>0x1ce87</load_address>
         <run_address>0x1ce87</run_address>
         <size>0x7b8</size>
         <input_file_ref idref="fl-b6"/>
      </object_component>
      <object_component id="oc-d3">
         <name>.debug_info</name>
         <load_address>0x1d63f</load_address>
         <run_address>0x1d63f</run_address>
         <size>0xb33</size>
         <input_file_ref idref="fl-b7"/>
      </object_component>
      <object_component id="oc-d9">
         <name>.debug_info</name>
         <load_address>0x1e172</load_address>
         <run_address>0x1e172</run_address>
         <size>0x805</size>
         <input_file_ref idref="fl-b8"/>
      </object_component>
      <object_component id="oc-dc">
         <name>.debug_info</name>
         <load_address>0x1e977</load_address>
         <run_address>0x1e977</run_address>
         <size>0x663</size>
         <input_file_ref idref="fl-b9"/>
      </object_component>
      <object_component id="oc-e3">
         <name>.debug_info</name>
         <load_address>0x1efda</load_address>
         <run_address>0x1efda</run_address>
         <size>0x8a7</size>
         <input_file_ref idref="fl-ba"/>
      </object_component>
      <object_component id="oc-e7">
         <name>.debug_info</name>
         <load_address>0x1f881</load_address>
         <run_address>0x1f881</run_address>
         <size>0x4c3</size>
         <input_file_ref idref="fl-bb"/>
      </object_component>
      <object_component id="oc-ec">
         <name>.debug_info</name>
         <load_address>0x1fd44</load_address>
         <run_address>0x1fd44</run_address>
         <size>0x60b</size>
         <input_file_ref idref="fl-bc"/>
      </object_component>
      <object_component id="oc-ee">
         <name>.debug_info</name>
         <load_address>0x2034f</load_address>
         <run_address>0x2034f</run_address>
         <size>0xd7</size>
         <input_file_ref idref="fl-bd"/>
      </object_component>
      <object_component id="oc-183">
         <name>.debug_info</name>
         <load_address>0x20426</load_address>
         <run_address>0x20426</run_address>
         <size>0x6d</size>
      </object_component>
      <object_component id="oc-1a">
         <name>.debug_line</name>
         <load_address>0x0</load_address>
         <run_address>0x0</run_address>
         <size>0x39</size>
         <input_file_ref idref="fl-2"/>
      </object_component>
      <object_component id="oc-1e">
         <name>.debug_line</name>
         <load_address>0x39</load_address>
         <run_address>0x39</run_address>
         <size>0x39</size>
         <input_file_ref idref="fl-3"/>
      </object_component>
      <object_component id="oc-23">
         <name>.debug_line</name>
         <load_address>0x72</load_address>
         <run_address>0x72</run_address>
         <size>0x6e</size>
         <input_file_ref idref="fl-4"/>
      </object_component>
      <object_component id="oc-27">
         <name>.debug_line</name>
         <load_address>0xe0</load_address>
         <run_address>0xe0</run_address>
         <size>0x3d</size>
         <input_file_ref idref="fl-6"/>
      </object_component>
      <object_component id="oc-2b">
         <name>.debug_line</name>
         <load_address>0x11d</load_address>
         <run_address>0x11d</run_address>
         <size>0x3d</size>
         <input_file_ref idref="fl-83"/>
      </object_component>
      <object_component id="oc-2e">
         <name>.debug_line</name>
         <load_address>0x15a</load_address>
         <run_address>0x15a</run_address>
         <size>0x36</size>
         <input_file_ref idref="fl-84"/>
      </object_component>
      <object_component id="oc-31">
         <name>.debug_line</name>
         <load_address>0x190</load_address>
         <run_address>0x190</run_address>
         <size>0x45</size>
         <input_file_ref idref="fl-85"/>
      </object_component>
      <object_component id="oc-36">
         <name>.debug_line</name>
         <load_address>0x1d5</load_address>
         <run_address>0x1d5</run_address>
         <size>0x4f</size>
         <input_file_ref idref="fl-86"/>
      </object_component>
      <object_component id="oc-39">
         <name>.debug_line</name>
         <load_address>0x224</load_address>
         <run_address>0x224</run_address>
         <size>0x8c</size>
         <input_file_ref idref="fl-87"/>
      </object_component>
      <object_component id="oc-3c">
         <name>.debug_line</name>
         <load_address>0x2b0</load_address>
         <run_address>0x2b0</run_address>
         <size>0x6a</size>
         <input_file_ref idref="fl-88"/>
      </object_component>
      <object_component id="oc-3f">
         <name>.debug_line</name>
         <load_address>0x31a</load_address>
         <run_address>0x31a</run_address>
         <size>0x3d</size>
         <input_file_ref idref="fl-89"/>
      </object_component>
      <object_component id="oc-44">
         <name>.debug_line</name>
         <load_address>0x357</load_address>
         <run_address>0x357</run_address>
         <size>0x36</size>
         <input_file_ref idref="fl-8a"/>
      </object_component>
      <object_component id="oc-48">
         <name>.debug_line</name>
         <load_address>0x38d</load_address>
         <run_address>0x38d</run_address>
         <size>0x343</size>
         <input_file_ref idref="fl-8b"/>
      </object_component>
      <object_component id="oc-4b">
         <name>.debug_line</name>
         <load_address>0x6d0</load_address>
         <run_address>0x6d0</run_address>
         <size>0x19e</size>
         <input_file_ref idref="fl-8c"/>
      </object_component>
      <object_component id="oc-4e">
         <name>.debug_line</name>
         <load_address>0x86e</load_address>
         <run_address>0x86e</run_address>
         <size>0x41</size>
         <input_file_ref idref="fl-8d"/>
      </object_component>
      <object_component id="oc-51">
         <name>.debug_line</name>
         <load_address>0x8af</load_address>
         <run_address>0x8af</run_address>
         <size>0x41</size>
         <input_file_ref idref="fl-8e"/>
      </object_component>
      <object_component id="oc-54">
         <name>.debug_line</name>
         <load_address>0x8f0</load_address>
         <run_address>0x8f0</run_address>
         <size>0x47</size>
         <input_file_ref idref="fl-8f"/>
      </object_component>
      <object_component id="oc-57">
         <name>.debug_line</name>
         <load_address>0x937</load_address>
         <run_address>0x937</run_address>
         <size>0x45</size>
         <input_file_ref idref="fl-90"/>
      </object_component>
      <object_component id="oc-5a">
         <name>.debug_line</name>
         <load_address>0x97c</load_address>
         <run_address>0x97c</run_address>
         <size>0x44</size>
         <input_file_ref idref="fl-91"/>
      </object_component>
      <object_component id="oc-63">
         <name>.debug_line</name>
         <load_address>0x9c0</load_address>
         <run_address>0x9c0</run_address>
         <size>0x3c</size>
         <input_file_ref idref="fl-94"/>
      </object_component>
      <object_component id="oc-66">
         <name>.debug_line</name>
         <load_address>0x9fc</load_address>
         <run_address>0x9fc</run_address>
         <size>0x44</size>
         <input_file_ref idref="fl-95"/>
      </object_component>
      <object_component id="oc-69">
         <name>.debug_line</name>
         <load_address>0xa40</load_address>
         <run_address>0xa40</run_address>
         <size>0x3e</size>
         <input_file_ref idref="fl-96"/>
      </object_component>
      <object_component id="oc-6c">
         <name>.debug_line</name>
         <load_address>0xa7e</load_address>
         <run_address>0xa7e</run_address>
         <size>0x3d</size>
         <input_file_ref idref="fl-97"/>
      </object_component>
      <object_component id="oc-6f">
         <name>.debug_line</name>
         <load_address>0xabb</load_address>
         <run_address>0xabb</run_address>
         <size>0x3d</size>
         <input_file_ref idref="fl-98"/>
      </object_component>
      <object_component id="oc-72">
         <name>.debug_line</name>
         <load_address>0xaf8</load_address>
         <run_address>0xaf8</run_address>
         <size>0x3f</size>
         <input_file_ref idref="fl-99"/>
      </object_component>
      <object_component id="oc-76">
         <name>.debug_line</name>
         <load_address>0xb37</load_address>
         <run_address>0xb37</run_address>
         <size>0xa9</size>
         <input_file_ref idref="fl-9a"/>
      </object_component>
      <object_component id="oc-79">
         <name>.debug_line</name>
         <load_address>0xbe0</load_address>
         <run_address>0xbe0</run_address>
         <size>0x3e</size>
         <input_file_ref idref="fl-9b"/>
      </object_component>
      <object_component id="oc-7c">
         <name>.debug_line</name>
         <load_address>0xc1e</load_address>
         <run_address>0xc1e</run_address>
         <size>0x89</size>
         <input_file_ref idref="fl-9c"/>
      </object_component>
      <object_component id="oc-7f">
         <name>.debug_line</name>
         <load_address>0xca7</load_address>
         <run_address>0xca7</run_address>
         <size>0x75</size>
         <input_file_ref idref="fl-9d"/>
      </object_component>
      <object_component id="oc-82">
         <name>.debug_line</name>
         <load_address>0xd1c</load_address>
         <run_address>0xd1c</run_address>
         <size>0x38</size>
         <input_file_ref idref="fl-9e"/>
      </object_component>
      <object_component id="oc-85">
         <name>.debug_line</name>
         <load_address>0xd54</load_address>
         <run_address>0xd54</run_address>
         <size>0x56</size>
         <input_file_ref idref="fl-9f"/>
      </object_component>
      <object_component id="oc-8a">
         <name>.debug_line</name>
         <load_address>0xdaa</load_address>
         <run_address>0xdaa</run_address>
         <size>0x122</size>
         <input_file_ref idref="fl-a0"/>
      </object_component>
      <object_component id="oc-8d">
         <name>.debug_line</name>
         <load_address>0xecc</load_address>
         <run_address>0xecc</run_address>
         <size>0x40</size>
         <input_file_ref idref="fl-a1"/>
      </object_component>
      <object_component id="oc-90">
         <name>.debug_line</name>
         <load_address>0xf0c</load_address>
         <run_address>0xf0c</run_address>
         <size>0x3f</size>
         <input_file_ref idref="fl-a2"/>
      </object_component>
      <object_component id="oc-93">
         <name>.debug_line</name>
         <load_address>0xf4b</load_address>
         <run_address>0xf4b</run_address>
         <size>0x4e</size>
         <input_file_ref idref="fl-a3"/>
      </object_component>
      <object_component id="oc-96">
         <name>.debug_line</name>
         <load_address>0xf99</load_address>
         <run_address>0xf99</run_address>
         <size>0x47</size>
         <input_file_ref idref="fl-a4"/>
      </object_component>
      <object_component id="oc-99">
         <name>.debug_line</name>
         <load_address>0xfe0</load_address>
         <run_address>0xfe0</run_address>
         <size>0x3d</size>
         <input_file_ref idref="fl-a5"/>
      </object_component>
      <object_component id="oc-9c">
         <name>.debug_line</name>
         <load_address>0x101d</load_address>
         <run_address>0x101d</run_address>
         <size>0x37</size>
         <input_file_ref idref="fl-a6"/>
      </object_component>
      <object_component id="oc-9f">
         <name>.debug_line</name>
         <load_address>0x1054</load_address>
         <run_address>0x1054</run_address>
         <size>0x40</size>
         <input_file_ref idref="fl-a7"/>
      </object_component>
      <object_component id="oc-a2">
         <name>.debug_line</name>
         <load_address>0x1094</load_address>
         <run_address>0x1094</run_address>
         <size>0x5f</size>
         <input_file_ref idref="fl-a8"/>
      </object_component>
      <object_component id="oc-a5">
         <name>.debug_line</name>
         <load_address>0x10f3</load_address>
         <run_address>0x10f3</run_address>
         <size>0x44</size>
         <input_file_ref idref="fl-a9"/>
      </object_component>
      <object_component id="oc-a8">
         <name>.debug_line</name>
         <load_address>0x1137</load_address>
         <run_address>0x1137</run_address>
         <size>0x60</size>
         <input_file_ref idref="fl-aa"/>
      </object_component>
      <object_component id="oc-ab">
         <name>.debug_line</name>
         <load_address>0x1197</load_address>
         <run_address>0x1197</run_address>
         <size>0x45</size>
         <input_file_ref idref="fl-ab"/>
      </object_component>
      <object_component id="oc-ae">
         <name>.debug_line</name>
         <load_address>0x11dc</load_address>
         <run_address>0x11dc</run_address>
         <size>0x46</size>
         <input_file_ref idref="fl-ac"/>
      </object_component>
      <object_component id="oc-b1">
         <name>.debug_line</name>
         <load_address>0x1222</load_address>
         <run_address>0x1222</run_address>
         <size>0x47</size>
         <input_file_ref idref="fl-ad"/>
      </object_component>
      <object_component id="oc-b5">
         <name>.debug_line</name>
         <load_address>0x1269</load_address>
         <run_address>0x1269</run_address>
         <size>0x139</size>
         <input_file_ref idref="fl-ae"/>
      </object_component>
      <object_component id="oc-b9">
         <name>.debug_line</name>
         <load_address>0x13a2</load_address>
         <run_address>0x13a2</run_address>
         <size>0x64</size>
         <input_file_ref idref="fl-af"/>
      </object_component>
      <object_component id="oc-bc">
         <name>.debug_line</name>
         <load_address>0x1406</load_address>
         <run_address>0x1406</run_address>
         <size>0x4a</size>
         <input_file_ref idref="fl-b0"/>
      </object_component>
      <object_component id="oc-bf">
         <name>.debug_line</name>
         <load_address>0x1450</load_address>
         <run_address>0x1450</run_address>
         <size>0x57</size>
         <input_file_ref idref="fl-b1"/>
      </object_component>
      <object_component id="oc-c2">
         <name>.debug_line</name>
         <load_address>0x14a7</load_address>
         <run_address>0x14a7</run_address>
         <size>0x23</size>
         <input_file_ref idref="fl-b2"/>
      </object_component>
      <object_component id="oc-c9">
         <name>.debug_line</name>
         <load_address>0x14ca</load_address>
         <run_address>0x14ca</run_address>
[...]
         <unused_space>0x10000000</unused_space>
         <attributes>RWIX</attributes>
         <usage_details>
         </usage_details>
      </memory_area>
      <memory_area>
         <name>EMIFCE3</name>
         <page_id>0x0</page_id>
         <origin>0xb0000000</origin>
         <length>0x10000000</length>
         <used_space>0x0</used_space>
         <unused_space>0x10000000</unused_space>
         <attributes>RWIX</attributes>
         <usage_details>
         </usage_details>
      </memory_area>
   </placement_map>
   <symbol_table>
      <symbol id="sm-0">
         <name>cinit</name>
         <value>0xf4d8</value>
      </symbol>
      <symbol id="sm-1">
         <name>___cinit__</name>
         <value>0xf4d8</value>
      </symbol>
      <symbol id="sm-2">
         <name>pinit</name>
         <value>0xffffffff</value>
      </symbol>
      <symbol id="sm-3">
         <name>___pinit__</name>
         <value>0xffffffff</value>
      </symbol>
      <symbol id="sm-4">
         <name>binit</name>
         <value>0xffffffff</value>
      </symbol>
      <symbol id="sm-5">
         <name>___binit__</name>
         <value>0xffffffff</value>
      </symbol>
      <symbol id="sm-6">
         <name>__STACK_SIZE</name>
         <value>0x800</value>
      </symbol>
      <symbol id="sm-7">
         <name>__STACK_END</name>
         <value>0xe520</value>
      </symbol>
      <symbol id="sm-8">
         <name>__SYSMEM_SIZE</name>
         <value>0x800</value>
      </symbol>
      <symbol id="sm-9">
         <name>___c_args__</name>
         <value>0xffffffff</value>
      </symbol>
      <symbol id="sm-a">
         <name>.text</name>
         <value>0x0</value>
      </symbol>
      <symbol id="sm-b">
         <name>___text__</name>
         <value>0x0</value>
      </symbol>
      <symbol id="sm-c">
         <name>etext</name>
         <value>0xdd20</value>
      </symbol>
      <symbol id="sm-d">
         <name>___etext__</name>
         <value>0xdd20</value>
      </symbol>
      <symbol id="sm-e">
         <name>.data</name>
         <value>0x0</value>
      </symbol>
      <symbol id="sm-f">
         <name>___data__</name>
         <value>0x0</value>
      </symbol>
      <symbol id="sm-10">
         <name>edata</name>
         <value>0x0</value>
      </symbol>
      <symbol id="sm-11">
         <name>___edata__</name>
         <value>0x0</value>
      </symbol>
      <symbol id="sm-12">
         <name>.bss</name>
         <value>0x0</value>
      </symbol>
      <symbol id="sm-13">
         <name>___bss__</name>
         <value>0x0</value>
      </symbol>
      <symbol id="sm-14">
         <name>end</name>
         <value>0x0</value>
      </symbol>
      <symbol id="sm-15">
         <name>___end__</name>
         <value>0x0</value>
      </symbol>
      <symbol id="sm-16">
         <name>___TI_pprof_out_hndl</name>
         <value>0xffffffff</value>
      </symbol>
      <symbol id="sm-17">
         <name>___TI_prof_data_start</name>
         <value>0xffffffff</value>
      </symbol>
      <symbol id="sm-18">
         <name>___TI_prof_data_size</name>
         <value>0xffffffff</value>
      </symbol>
      <symbol id="sm-19">
         <name>$bss</name>
         <value>0x0</value>
      </symbol>
      <symbol id="sm-53">
         <name>_sub</name>
         <value>0xdd00</value>
         <object_component_ref idref="oc-18"/>
      </symbol>
      <symbol id="sm-5b">
         <name>_mul</name>
         <value>0xdce0</value>
         <object_component_ref idref="oc-1c"/>
      </symbol>
      <symbol id="sm-91">
         <name>_main</name>
         <value>0x7d80</value>
         <object_component_ref idref="oc-100"/>
      </symbol>
      <symbol id="sm-9a">
         <name>_add</name>
         <value>0xdb00</value>
         <object_component_ref idref="oc-25"/>
      </symbol>
      <symbol id="sm-a6">
         <name>_c_int00</name>
         <value>0xd800</value>
         <object_component_ref idref="oc-17"/>
      </symbol>
      <symbol id="sm-a7">
         <name>__stack</name>
         <value>0xdd20</value>
         <object_component_ref idref="oc-2a"/>
      </symbol>
      <symbol id="sm-b1">
         <name>_div</name>
         <value>0xdaa0</value>
         <object_component_ref idref="oc-106"/>
      </symbol>
      <symbol id="sm-b9">
         <name>__c6xabi_divi</name>
         <value>0xb6c0</value>
         <object_component_ref idref="oc-10e"/>
      </symbol>
      <symbol id="sm-ba">
         <name>__divi</name>
         <value>0xb6c0</value>
         <object_component_ref idref="oc-10e"/>
      </symbol>
      <symbol id="sm-ca">
         <name>C$$EXIT</name>
         <value>0xdca0</value>
         <object_component_ref idref="oc-101"/>
      </symbol>
      <symbol id="sm-cb">
         <name>_exit</name>
         <value>0xcca0</value>
         <object_component_ref idref="oc-f3"/>
      </symbol>
      <symbol id="sm-cc">
         <name>___TI_enable_exit_profile_output</name>
         <value>0xf168</value>
         <object_component_ref idref="oc-35"/>
      </symbol>
      <symbol id="sm-cd">
         <name>_abort</name>
         <value>0xdca0</value>
         <object_component_ref idref="oc-101"/>
      </symbol>
      <symbol id="sm-ce">
         <name>__cleanup_ptr</name>
         <value>0xf160</value>
         <object_component_ref idref="oc-35"/>
      </symbol>
      <symbol id="sm-cf">
         <name>__dtors_ptr</name>
         <value>0xf164</value>
         <object_component_ref idref="oc-35"/>
      </symbol>
      <symbol id="sm-df">
         <name>_scanf</name>
         <value>0xc560</value>
         <object_component_ref idref="oc-105"/>
      </symbol>
      <symbol id="sm-ed">
         <name>_printf</name>
         <value>0xc360</value>
         <object_component_ref idref="oc-104"/>
      </symbol>
      <symbol id="sm-f7">
         <name>_ungetc</name>
         <value>0xaf60</value>
         <object_component_ref idref="oc-115"/>
      </symbol>
      <symbol id="sm-105">
         <name>__unlock</name>
         <value>0xf170</value>
         <object_component_ref idref="oc-43"/>
      </symbol>
      <symbol id="sm-106">
         <name>__lock</name>
         <value>0xf16c</value>
         <object_component_ref idref="oc-43"/>
      </symbol>
      <symbol id="sm-107">
         <name>__nop</name>
         <value>0xdc20</value>
         <object_component_ref idref="oc-f4"/>
      </symbol>
      <symbol id="sm-137">
         <name>__printfi</name>
         <value>0x4420</value>
         <object_component_ref idref="oc-109"/>
      </symbol>
      <symbol id="sm-155">
         <name>__scanfi</name>
         <value>0x0</value>
         <object_component_ref idref="oc-10d"/>
      </symbol>
      <symbol id="sm-15f">
         <name>__args_main</name>
         <value>0xdba0</value>
         <object_component_ref idref="oc-f2"/>
      </symbol>
      <symbol id="sm-160">
         <name>__TI_args_main</name>
         <value>0x1</value>
      </symbol>
      <symbol id="sm-16a">
         <name>_atoi</name>
         <value>0xb340</value>
         <object_component_ref idref="oc-122"/>
      </symbol>
      <symbol id="sm-174">
         <name>__auto_init</name>
         <value>0xbe60</value>
         <object_component_ref idref="oc-f1"/>
      </symbol>
      <symbol id="sm-17e">
         <name>___TI_cpp_init</name>
         <value>0xd680</value>
         <object_component_ref idref="oc-ff"/>
      </symbol>
      <symbol id="sm-188">
         <name>_copy_in</name>
         <value>0xd000</value>
         <object_component_ref idref="oc-fd"/>
      </symbol>
      <symbol id="sm-190">
         <name>__ctypes_</name>
         <value>0xf190</value>
         <object_component_ref idref="oc-116"/>
      </symbol>
      <symbol id="sm-19a">
         <name>__tmpnams</name>
         <value>0xef00</value>
         <object_component_ref idref="oc-60"/>
      </symbol>
      <symbol id="sm-19b">
         <name>__ft_end</name>
         <value>0xf040</value>
         <object_component_ref idref="oc-60"/>
      </symbol>
      <symbol id="sm-19c">
         <name>__ftable</name>
         <value>0xed20</value>
         <object_component_ref idref="oc-60"/>
      </symbol>
      <symbol id="sm-1a6">
         <name>__divd</name>
         <value>0x13c0</value>
         <object_component_ref idref="oc-145"/>
      </symbol>
      <symbol id="sm-1ae">
         <name>__c6xabi_divu</name>
         <value>0xcf40</value>
         <object_component_ref idref="oc-15b"/>
      </symbol>
      <symbol id="sm-1af">
         <name>__divu</name>
         <value>0xcf40</value>
         <object_component_ref idref="oc-15b"/>
      </symbol>
      <symbol id="sm-1b9">
         <name>_getc</name>
         <value>0xa860</value>
         <object_component_ref idref="oc-117"/>
      </symbol>
      <symbol id="sm-1ba">
         <name>_fgetc</name>
         <value>0xa860</value>
         <object_component_ref idref="oc-117"/>
      </symbol>
      <symbol id="sm-1c4">
         <name>__fixdli</name>
         <value>0xd180</value>
         <object_component_ref idref="oc-158"/>
      </symbol>
      <symbol id="sm-1ce">
         <name>__fltlid</name>
         <value>0xd700</value>
         <object_component_ref idref="oc-15a"/>
      </symbol>
      <symbol id="sm-1d8">
         <name>_putc</name>
         <value>0x8920</value>
         <object_component_ref idref="oc-110"/>
      </symbol>
      <symbol id="sm-1d9">
         <name>_fputc</name>
         <value>0x8920</value>
         <object_component_ref idref="oc-110"/>
      </symbol>
      <symbol id="sm-1e5">
         <name>_fputs</name>
         <value>0x4ea0</value>
         <object_component_ref idref="oc-10f"/>
      </symbol>
      <symbol id="sm-1ef">
         <name>__frcmpyd_div</name>
         <value>0xb200</value>
         <object_component_ref idref="oc-157"/>
      </symbol>
      <symbol id="sm-1ff">
         <name>__divul</name>
         <value>0x8e60</value>
         <object_component_ref idref="oc-140"/>
      </symbol>
      <symbol id="sm-200">
         <name>__remli</name>
         <value>0xd2c0</value>
         <object_component_ref idref="oc-15e"/>
      </symbol>
      <symbol id="sm-201">
         <name>__remul</name>
         <value>0xd360</value>
         <object_component_ref idref="oc-148"/>
      </symbol>
      <symbol id="sm-202">
         <name>__divli</name>
         <value>0xc060</value>
         <object_component_ref idref="oc-15f"/>
      </symbol>
      <symbol id="sm-210">
         <name>__subcull</name>
         <value>0xda40</value>
         <object_component_ref idref="oc-155"/>
      </symbol>
      <symbol id="sm-211">
         <name>__divull</name>
         <value>0x6c40</value>
         <object_component_ref idref="oc-142"/>
      </symbol>
      <symbol id="sm-212">
         <name>__remull</name>
         <value>0xd400</value>
         <object_component_ref idref="oc-149"/>
      </symbol>
      <symbol id="sm-21c">
         <name>___isinf</name>
         <value>0xd980</value>
         <object_component_ref idref="oc-136"/>
      </symbol>
      <symbol id="sm-228">
         <name>__llshl</name>
         <value>0xd780</value>
         <object_component_ref idref="oc-154"/>
      </symbol>
      <symbol id="sm-229">
         <name>__llshru</name>
         <value>0xd9e0</value>
         <object_component_ref idref="oc-156"/>
      </symbol>
      <symbol id="sm-243">
         <name>_read</name>
         <value>0xc460</value>
         <object_component_ref idref="oc-129"/>
      </symbol>
      <symbol id="sm-244">
         <name>_unlink</name>
         <value>0xd540</value>
         <object_component_ref idref="oc-160"/>
      </symbol>
      <symbol id="sm-245">
         <name>_lseek</name>
         <value>0xc260</value>
         <object_component_ref idref="oc-14a"/>
      </symbol>
      <symbol id="sm-246">
         <name>_close</name>
         <value>0xb900</value>
         <object_component_ref idref="oc-15c"/>
      </symbol>
      <symbol id="sm-247">
         <name>_write</name>
         <value>0xc660</value>
         <object_component_ref idref="oc-121"/>
      </symbol>
      <symbol id="sm-251">
         <name>_ltoa</name>
         <value>0xba20</value>
         <object_component_ref idref="oc-159"/>
      </symbol>
      <symbol id="sm-25b">
         <name>_memccpy</name>
         <value>0xd880</value>
         <object_component_ref idref="oc-125"/>
      </symbol>
      <symbol id="sm-265">
         <name>_memcpy</name>
         <value>0x9540</value>
         <object_component_ref idref="oc-fe"/>
      </symbol>
      <symbol id="sm-26f">
         <name>_memset</name>
         <value>0xbb40</value>
         <object_component_ref idref="oc-118"/>
      </symbol>
      <symbol id="sm-279">
         <name>__mpyll</name>
         <value>0xd220</value>
         <object_component_ref idref="oc-141"/>
      </symbol>
      <symbol id="sm-283">
         <name>__negll</name>
         <value>0xdc00</value>
         <object_component_ref idref="oc-13b"/>
      </symbol>
      <symbol id="sm-28d">
         <name>_setvbuf</name>
         <value>0x8bc0</value>
         <object_component_ref idref="oc-126"/>
      </symbol>
      <symbol id="sm-29b">
         <name>_strtod</name>
         <value>0x27a0</value>
         <object_component_ref idref="oc-130"/>
      </symbol>
      <symbol id="sm-2a5">
         <name>_strtol</name>
         <value>0x3ea0</value>
         <object_component_ref idref="oc-132"/>
      </symbol>
      <symbol id="sm-2b3">
         <name>_strtold</name>
         <value>0x2d80</value>
         <object_component_ref idref="oc-131"/>
      </symbol>
      <symbol id="sm-2bd">
         <name>_strtoll</name>
         <value>0x21a0</value>
         <object_component_ref idref="oc-133"/>
      </symbol>
      <symbol id="sm-2c7">
         <name>_strtoul</name>
         <value>0x4980</value>
         <object_component_ref idref="oc-12e"/>
      </symbol>
      <symbol id="sm-2d1">
         <name>_strtoull</name>
         <value>0x5360</value>
         <object_component_ref idref="oc-12f"/>
      </symbol>
      <symbol id="sm-2e9">
         <name>_HOSTopen</name>
         <value>0xb480</value>
         <object_component_ref idref="oc-f5"/>
      </symbol>
      <symbol id="sm-2ea">
         <name>_HOSTread</name>
         <value>0xb0c0</value>
         <object_component_ref idref="oc-f7"/>
      </symbol>
      <symbol id="sm-2eb">
         <name>_HOSTrename</name>
         <value>0x9780</value>
         <object_component_ref idref="oc-fb"/>
      </symbol>
      <symbol id="sm-2ec">
         <name>_HOSTwrite</name>
         <value>0xb5a0</value>
         <object_component_ref idref="oc-f8"/>
      </symbol>
      <symbol id="sm-2ed">
         <name>_HOSTlseek</name>
         <value>0xa9e0</value>
         <object_component_ref idref="oc-f9"/>
      </symbol>
      <symbol id="sm-2ee">
         <name>_HOSTunlink</name>
         <value>0xbd60</value>
         <object_component_ref idref="oc-fa"/>
      </symbol>
      <symbol id="sm-2ef">
         <name>_HOSTclose</name>
         <value>0xbc60</value>
         <object_component_ref idref="oc-f6"/>
      </symbol>
      <symbol id="sm-2fd">
         <name>C$$IO$$</name>
         <value>0xd658</value>
         <object_component_ref idref="oc-102"/>
      </symbol>
      <symbol id="sm-2fe">
         <name>__CIOBUF_</name>
         <value>0xf63c</value>
         <object_component_ref idref="oc-b8"/>
      </symbol>
      <symbol id="sm-2ff">
         <name>_readmsg</name>
         <value>0xd4a0</value>
         <object_component_ref idref="oc-103"/>
      </symbol>
      <symbol id="sm-300">
         <name>_writemsg</name>
         <value>0xd5e0</value>
         <object_component_ref idref="oc-102"/>
      </symbol>
      <symbol id="sm-30a">
         <name>__buff_read</name>
         <value>0xab40</value>
         <object_component_ref idref="oc-128"/>
      </symbol>
      <symbol id="sm-316">
         <name>__rd_ok</name>
         <value>0xcae0</value>
         <object_component_ref idref="oc-127"/>
      </symbol>
      <symbol id="sm-317">
         <name>__wrt_ok</name>
         <value>0xb7e0</value>
         <object_component_ref idref="oc-11f"/>
      </symbol>
      <symbol id="sm-328">
         <name>_errno</name>
         <value>0xf184</value>
         <object_component_ref idref="oc-c6"/>
      </symbol>
      <symbol id="sm-332">
         <name>__doflush</name>
         <value>0xc840</value>
         <object_component_ref idref="oc-120"/>
      </symbol>
      <symbol id="sm-340">
         <name>__cleanup</name>
         <value>0xc760</value>
         <object_component_ref idref="oc-13f"/>
      </symbol>
      <symbol id="sm-34a">
         <name>_fseek</name>
         <value>0xa360</value>
         <object_component_ref idref="oc-134"/>
      </symbol>
      <symbol id="sm-360">
         <name>__sys_memory</name>
         <value>0xe520</value>
         <object_component_ref idref="oc-d6"/>
      </symbol>
      <symbol id="sm-361">
         <name>_free</name>
         <value>0x7340</value>
         <object_component_ref idref="oc-13d"/>
      </symbol>
      <symbol id="sm-362">
         <name>_malloc</name>
         <value>0x9300</value>
         <object_component_ref idref="oc-13e"/>
      </symbol>
      <symbol id="sm-36c">
         <name>__closefile</name>
         <value>0xaca0</value>
         <object_component_ref idref="oc-153"/>
      </symbol>
      <symbol id="sm-376">
         <name>_remove</name>
         <value>0xdcc0</value>
         <object_component_ref idref="oc-15d"/>
      </symbol>
      <symbol id="sm-384">
         <name>_DSK6713_init</name>
         <value>0x584c</value>
         <object_component_ref idref="oc-df"/>
      </symbol>
      <symbol id="sm-385">
         <name>_DSK6713_version</name>
         <value>0xf18c</value>
         <object_component_ref idref="oc-e0"/>
      </symbol>
      <symbol id="sm-386">
         <name>_DSK6713_rget</name>
         <value>0x5b68</value>
         <object_component_ref idref="oc-df"/>
      </symbol>
      <symbol id="sm-387">
         <name>_DSK6713_wait</name>
         <value>0x5b90</value>
         <object_component_ref idref="oc-df"/>
      </symbol>
      <symbol id="sm-388">
         <name>_DSK6713_rset</name>
         <value>0x5b7c</value>
         <object_component_ref idref="oc-df"/>
      </symbol>
      <symbol id="sm-389">
         <name>_DSK6713_waitusec</name>
         <value>0x5be8</value>
         <object_component_ref idref="oc-df"/>
      </symbol>
      <symbol id="sm-38a">
         <name>_DSK6713_getVersion</name>
         <value>0x5c14</value>
         <object_component_ref idref="oc-df"/>
      </symbol>
      <symbol id="sm-394">
         <name>_DSK6713_DIP_init</name>
         <value>0xd900</value>
         <object_component_ref idref="oc-e5"/>
      </symbol>
      <symbol id="sm-395">
         <name>_DSK6713_DIP_get</name>
         <value>0xd908</value>
         <object_component_ref idref="oc-e5"/>
      </symbol>
      <symbol id="sm-3a1">
         <name>_DSK6713_LED_init</name>
         <value>0xa180</value>
         <object_component_ref idref="oc-e9"/>
      </symbol>
      <symbol id="sm-3a2">
         <name>_DSK6713_LED_on</name>
         <value>0xa230</value>
         <object_component_ref idref="oc-e9"/>
      </symbol>
      <symbol id="sm-3a3">
         <name>_DSK6713_LED_toggle</name>
         <value>0xa2a0</value>
         <object_component_ref idref="oc-e9"/>
      </symbol>
      <symbol id="sm-3a4">
         <name>_DSK6713_LED_off</name>
         <value>0xa1c0</value>
         <object_component_ref idref="oc-e9"/>
      </symbol>
      <symbol id="sm-3ac">
         <name>__strasg</name>
         <value>0xcbc0</value>
         <object_component_ref idref="oc-fc"/>
      </symbol>
   </symbol_table>
</link_info>
